16:47:59 **** Incremental Build of configuration Debug for project zynq_fsbl ****
make all 
Building target: zynq_fsbl.elf
Invoking: ARM gcc linker
arm-xilinx-eabi-gcc -L"C:\Users\andrew\workspace\ocm_memtest\zynq_fsbl\src" -L"C:\Users\andrew\workspace\ocm_memtest\standalone_bsp_0\ps7_cortexa9_0\lib" -Wl,-T -Wl,../src/lscript.ld -L../../zynq_fsbl_bsp/ps7_cortexa9_0/lib -o "zynq_fsbl.elf"  ./src/ddr_init.o ./src/ff.o ./src/fsbl_handoff.o ./src/fsbl_hooks.o ./src/image_mover.o ./src/main.o ./src/md5.o ./src/mmc.o ./src/nand.o ./src/nor.o ./src/pcap.o ./src/ps7_init.o ./src/qspi.o ./src/rsa.o ./src/sd.o ./src/test01.o   -lrsa -Wl,--start-group,-lxil,-lgcc,-lc,--end-group
C:\Users\andrew\workspace\ocm_memtest\standalone_bsp_0\ps7_cortexa9_0\lib\libxil.a(xil_cache.o): In function `Xil_L1DCacheInvalidate':
C:\Users\andrew\workspace\ocm_memtest\standalone_bsp_0\ps7_cortexa9_0\libsrc\standalone_v3_10_a\src/xil_cache.c:594: multiple definition of `Xil_L1DCacheInvalidate'
./src/test01.o:C:\Users\andrew\workspace\ocm_memtest\zynq_fsbl\Debug/../src/test01.c:659: first defined here
C:\Users\andrew\workspace\ocm_memtest\standalone_bsp_0\ps7_cortexa9_0\lib\libxil.a(xil_cache.o): In function `Xil_L1DCacheFlush':
C:\Users\andrew\workspace\ocm_memtest\standalone_bsp_0\ps7_cortexa9_0\libsrc\standalone_v3_10_a\src/xil_cache.c:735: multiple definition of `Xil_L1DCacheFlush'
./src/test01.o:C:\Users\andrew\workspace\ocm_memtest\zynq_fsbl\Debug/../src/test01.c:749: first defined here
C:\Users\andrew\workspace\ocm_memtest\standalone_bsp_0\ps7_cortexa9_0\lib\libxil.a(xil_cache.o): In function `Xil_L2CacheInvalidate':
C:\Users\andrew\workspace\ocm_memtest\standalone_bsp_0\ps7_cortexa9_0\libsrc\standalone_v3_10_a\src/xil_cache.c:1145: multiple definition of `Xil_L2CacheInvalidate'
./src/test01.o:C:\Users\andrew\workspace\ocm_memtest\zynq_fsbl\Debug/../src/test01.c:715: first defined here
C:\Users\andrew\workspace\ocm_memtest\standalone_bsp_0\ps7_cortexa9_0\lib\libxil.a(xil_cache.o): In function `Xil_DCacheInvalidate':
C:\Users\andrew\workspace\ocm_memtest\standalone_bsp_0\ps7_cortexa9_0\libsrc\standalone_v3_10_a\src/xil_cache.c:188: multiple definition of `Xil_DCacheInvalidate'
./src/test01.o:C:\Users\andrew\workspace\ocm_memtest\zynq_fsbl\Debug/../src/test01.c:807: first defined here
C:\Users\andrew\workspace\ocm_memtest\standalone_bsp_0\ps7_cortexa9_0\lib\libxil.a(xil_cache.o): In function `Xil_L2WriteDebugCtrl':
C:\Users\andrew\workspace\ocm_memtest\standalone_bsp_0\ps7_cortexa9_0\libsrc\standalone_v3_10_a\src/xil_cache.c:102: multiple definition of `Xil_L2CacheFlush'
./src/test01.o:C:\Users\andrew\workspace\ocm_memtest\zynq_fsbl\Debug/../src/test01.c:732: first defined here
e:/xilinx/sdk/2014.2/gnu/arm/nt/bin/../lib/gcc/arm-xilinx-eabi/4.8.1/../../../../arm-xilinx-eabi/bin/ld.exe: zynq_fsbl.elf section `.heap' will not fit in region `ps7_ram_0_S_AXI_BASEADDR'
e:/xilinx/sdk/2014.2/gnu/arm/nt/bin/../lib/gcc/arm-xilinx-eabi/4.8.1/../../../../arm-xilinx-eabi/bin/ld.exe: region `ps7_ram_0_S_AXI_BASEADDR' overflowed by 1840 bytes
collect2.exe: error: ld returned 1 exit status
make: *** [zynq_fsbl.elf] Error 1
16:48:08 **** Incremental Build of configuration Debug for project memtester ****
make all 
make: Nothing to be done for `all'.
16:48:09 **** Incremental Build of configuration Debug for project zynq_fsbl ****
make all 
Building target: zynq_fsbl.elf
Invoking: ARM gcc linker
arm-xilinx-eabi-gcc -L"C:\Users\andrew\workspace\ocm_memtest\zynq_fsbl\src" -L"C:\Users\andrew\workspace\ocm_memtest\standalone_bsp_0\ps7_cortexa9_0\lib" -Wl,-T -Wl,../src/lscript.ld -L../../zynq_fsbl_bsp/ps7_cortexa9_0/lib -o "zynq_fsbl.elf"  ./src/ddr_init.o ./src/ff.o ./src/fsbl_handoff.o ./src/fsbl_hooks.o ./src/image_mover.o ./src/main.o ./src/md5.o ./src/mmc.o ./src/nand.o ./src/nor.o ./src/pcap.o ./src/ps7_init.o ./src/qspi.o ./src/rsa.o ./src/sd.o ./src/test01.o   -lrsa -Wl,--start-group,-lxil,-lgcc,-lc,--end-group
C:\Users\andrew\workspace\ocm_memtest\standalone_bsp_0\ps7_cortexa9_0\lib\libxil.a(xil_cache.o): In function `Xil_L1DCacheInvalidate':
C:\Users\andrew\workspace\ocm_memtest\standalone_bsp_0\ps7_cortexa9_0\libsrc\standalone_v3_10_a\src/xil_cache.c:594: multiple definition of `Xil_L1DCacheInvalidate'
./src/test01.o:C:\Users\andrew\workspace\ocm_memtest\zynq_fsbl\Debug/../src/test01.c:659: first defined here
C:\Users\andrew\workspace\ocm_memtest\standalone_bsp_0\ps7_cortexa9_0\lib\libxil.a(xil_cache.o): In function `Xil_L1DCacheFlush':
C:\Users\andrew\workspace\ocm_memtest\standalone_bsp_0\ps7_cortexa9_0\libsrc\standalone_v3_10_a\src/xil_cache.c:735: multiple definition of `Xil_L1DCacheFlush'
./src/test01.o:C:\Users\andrew\workspace\ocm_memtest\zynq_fsbl\Debug/../src/test01.c:749: first defined here
C:\Users\andrew\workspace\ocm_memtest\standalone_bsp_0\ps7_cortexa9_0\lib\libxil.a(xil_cache.o): In function `Xil_L2CacheInvalidate':
C:\Users\andrew\workspace\ocm_memtest\standalone_bsp_0\ps7_cortexa9_0\libsrc\standalone_v3_10_a\src/xil_cache.c:1145: multiple definition of `Xil_L2CacheInvalidate'
./src/test01.o:C:\Users\andrew\workspace\ocm_memtest\zynq_fsbl\Debug/../src/test01.c:715: first defined here
C:\Users\andrew\workspace\ocm_memtest\standalone_bsp_0\ps7_cortexa9_0\lib\libxil.a(xil_cache.o): In function `Xil_DCacheInvalidate':
C:\Users\andrew\workspace\ocm_memtest\standalone_bsp_0\ps7_cortexa9_0\libsrc\standalone_v3_10_a\src/xil_cache.c:188: multiple definition of `Xil_DCacheInvalidate'
./src/test01.o:C:\Users\andrew\workspace\ocm_memtest\zynq_fsbl\Debug/../src/test01.c:807: first defined here
C:\Users\andrew\workspace\ocm_memtest\standalone_bsp_0\ps7_cortexa9_0\lib\libxil.a(xil_cache.o): In function `Xil_L2WriteDebugCtrl':
C:\Users\andrew\workspace\ocm_memtest\standalone_bsp_0\ps7_cortexa9_0\libsrc\standalone_v3_10_a\src/xil_cache.c:102: multiple definition of `Xil_L2CacheFlush'
./src/test01.o:C:\Users\andrew\workspace\ocm_memtest\zynq_fsbl\Debug/../src/test01.c:732: first defined here
e:/xilinx/sdk/2014.2/gnu/arm/nt/bin/../lib/gcc/arm-xilinx-eabi/4.8.1/../../../../arm-xilinx-eabi/bin/ld.exe: zynq_fsbl.elf section `.heap' will not fit in region `ps7_ram_0_S_AXI_BASEADDR'
e:/xilinx/sdk/2014.2/gnu/arm/nt/bin/../lib/gcc/arm-xilinx-eabi/4.8.1/../../../../arm-xilinx-eabi/bin/ld.exe: region `ps7_ram_0_S_AXI_BASEADDR' overflowed by 1840 bytes
collect2.exe: error: ld returned 1 exit status
make: *** [zynq_fsbl.elf] Error 1
16:48:44 **** Incremental Build of configuration Debug for project memtester ****
make all 
make: Nothing to be done for `all'.
16:48:45 **** Incremental Build of configuration Debug for project zynq_fsbl ****
make all 
Building target: zynq_fsbl.elf
Invoking: ARM gcc linker
arm-xilinx-eabi-gcc -L"C:\Users\andrew\workspace\ocm_memtest\zynq_fsbl\src" -L"C:\Users\andrew\workspace\ocm_memtest\standalone_bsp_0\ps7_cortexa9_0\lib" -Wl,-T -Wl,../src/lscript.ld -L../../zynq_fsbl_bsp/ps7_cortexa9_0/lib -o "zynq_fsbl.elf"  ./src/ddr_init.o ./src/ff.o ./src/fsbl_handoff.o ./src/fsbl_hooks.o ./src/image_mover.o ./src/main.o ./src/md5.o ./src/mmc.o ./src/nand.o ./src/nor.o ./src/pcap.o ./src/ps7_init.o ./src/qspi.o ./src/rsa.o ./src/sd.o ./src/test01.o   -lrsa -Wl,--start-group,-lxil,-lgcc,-lc,--end-group
C:\Users\andrew\workspace\ocm_memtest\standalone_bsp_0\ps7_cortexa9_0\lib\libxil.a(xil_cache.o): In function `Xil_L1DCacheInvalidate':
C:\Users\andrew\workspace\ocm_memtest\standalone_bsp_0\ps7_cortexa9_0\libsrc\standalone_v3_10_a\src/xil_cache.c:594: multiple definition of `Xil_L1DCacheInvalidate'
./src/test01.o:C:\Users\andrew\workspace\ocm_memtest\zynq_fsbl\Debug/../src/test01.c:659: first defined here
C:\Users\andrew\workspace\ocm_memtest\standalone_bsp_0\ps7_cortexa9_0\lib\libxil.a(xil_cache.o): In function `Xil_L1DCacheFlush':
C:\Users\andrew\workspace\ocm_memtest\standalone_bsp_0\ps7_cortexa9_0\libsrc\standalone_v3_10_a\src/xil_cache.c:735: multiple definition of `Xil_L1DCacheFlush'
./src/test01.o:C:\Users\andrew\workspace\ocm_memtest\zynq_fsbl\Debug/../src/test01.c:749: first defined here
C:\Users\andrew\workspace\ocm_memtest\standalone_bsp_0\ps7_cortexa9_0\lib\libxil.a(xil_cache.o): In function `Xil_L2CacheInvalidate':
C:\Users\andrew\workspace\ocm_memtest\standalone_bsp_0\ps7_cortexa9_0\libsrc\standalone_v3_10_a\src/xil_cache.c:1145: multiple definition of `Xil_L2CacheInvalidate'
./src/test01.o:C:\Users\andrew\workspace\ocm_memtest\zynq_fsbl\Debug/../src/test01.c:715: first defined here
C:\Users\andrew\workspace\ocm_memtest\standalone_bsp_0\ps7_cortexa9_0\lib\libxil.a(xil_cache.o): In function `Xil_DCacheInvalidate':
C:\Users\andrew\workspace\ocm_memtest\standalone_bsp_0\ps7_cortexa9_0\libsrc\standalone_v3_10_a\src/xil_cache.c:188: multiple definition of `Xil_DCacheInvalidate'
./src/test01.o:C:\Users\andrew\workspace\ocm_memtest\zynq_fsbl\Debug/../src/test01.c:807: first defined here
C:\Users\andrew\workspace\ocm_memtest\standalone_bsp_0\ps7_cortexa9_0\lib\libxil.a(xil_cache.o): In function `Xil_L2WriteDebugCtrl':
C:\Users\andrew\workspace\ocm_memtest\standalone_bsp_0\ps7_cortexa9_0\libsrc\standalone_v3_10_a\src/xil_cache.c:102: multiple definition of `Xil_L2CacheFlush'
./src/test01.o:C:\Users\andrew\workspace\ocm_memtest\zynq_fsbl\Debug/../src/test01.c:732: first defined here
e:/xilinx/sdk/2014.2/gnu/arm/nt/bin/../lib/gcc/arm-xilinx-eabi/4.8.1/../../../../arm-xilinx-eabi/bin/ld.exe: zynq_fsbl.elf section `.heap' will not fit in region `ps7_ram_0_S_AXI_BASEADDR'
e:/xilinx/sdk/2014.2/gnu/arm/nt/bin/../lib/gcc/arm-xilinx-eabi/4.8.1/../../../../arm-xilinx-eabi/bin/ld.exe: region `ps7_ram_0_S_AXI_BASEADDR' overflowed by 1840 bytes
collect2.exe: error: ld returned 1 exit status
make: *** [zynq_fsbl.elf] Error 1
16:48:56 **** Clean-only build of configuration Debug for project memtester ****
make clean 
rm -rf  ./src/test01.o ./src/translation_table.o  ./src/test01.d  memtester.elf.size  memtester.elf
 
16:48:56 **** Clean-only build of configuration Debug for project zynq_fsbl ****
make clean 
rm -rf  ./src/ddr_init.o ./src/ff.o ./src/fsbl_handoff.o ./src/fsbl_hooks.o ./src/image_mover.o ./src/main.o ./src/md5.o ./src/mmc.o ./src/nand.o ./src/nor.o ./src/pcap.o ./src/ps7_init.o ./src/qspi.o ./src/rsa.o ./src/sd.o ./src/test01.o  ./src/ddr_init.d ./src/ff.d ./src/fsbl_hooks.d ./src/image_mover.d ./src/main.d ./src/md5.d ./src/mmc.d ./src/nand.d ./src/nor.d ./src/pcap.d ./src/ps7_init.d ./src/qspi.d ./src/rsa.d ./src/sd.d ./src/test01.d  zynq_fsbl.elf.size  ./src/fsbl_handoff.d  zynq_fsbl.elf
 
16:48:56 **** Clean-only build of project standalone_bsp_0 ****
make -k clean 
rm -f ps7_cortexa9_0/lib/libxil.a
16:48:57 **** Build of project standalone_bsp_0 ****
make -k all 
"Running Make include in ps7_cortexa9_0/libsrc/bram_v3_02_a/src"
make -C ps7_cortexa9_0/libsrc/bram_v3_02_a/src -s include  "SHELL=CMD" "COMPILER=arm-xilinx-eabi-gcc" "ARCHIVER=arm-xilinx-eabi-ar" "COMPILER_FLAGS=  -O2 -c" "EXTRA_COMPILER_FLAGS=-g"
"Running Make include in ps7_cortexa9_0/libsrc/common_v1_00_a/src"
make -C ps7_cortexa9_0/libsrc/common_v1_00_a/src -s include  "SHELL=CMD" "COMPILER=arm-xilinx-eabi-gcc" "ARCHIVER=arm-xilinx-eabi-ar" "COMPILER_FLAGS=  -O2 -c" "EXTRA_COMPILER_FLAGS=-g"
"Running Make include in ps7_cortexa9_0/libsrc/cpu_cortexa9_v1_01_a/src"
make -C ps7_cortexa9_0/libsrc/cpu_cortexa9_v1_01_a/src -s include  "SHELL=CMD" "COMPILER=arm-xilinx-eabi-gcc" "ARCHIVER=arm-xilinx-eabi-ar" "COMPILER_FLAGS=  -O2 -c" "EXTRA_COMPILER_FLAGS=-g"
"Running Make include in ps7_cortexa9_0/libsrc/devcfg_v2_03_a/src"
make -C ps7_cortexa9_0/libsrc/devcfg_v2_03_a/src -s include  "SHELL=CMD" "COMPILER=arm-xilinx-eabi-gcc" "ARCHIVER=arm-xilinx-eabi-ar" "COMPILER_FLAGS=  -O2 -c" "EXTRA_COMPILER_FLAGS=-g"
"Running Make include in ps7_cortexa9_0/libsrc/dmaps_v1_05_a/src"
make -C ps7_cortexa9_0/libsrc/dmaps_v1_05_a/src -s include  "SHELL=CMD" "COMPILER=arm-xilinx-eabi-gcc" "ARCHIVER=arm-xilinx-eabi-ar" "COMPILER_FLAGS=  -O2 -c" "EXTRA_COMPILER_FLAGS=-g"
"Running Make include in ps7_cortexa9_0/libsrc/emacps_v1_04_a/src"
make -C ps7_cortexa9_0/libsrc/emacps_v1_04_a/src -s include  "SHELL=CMD" "COMPILER=arm-xilinx-eabi-gcc" "ARCHIVER=arm-xilinx-eabi-ar" "COMPILER_FLAGS=  -O2 -c" "EXTRA_COMPILER_FLAGS=-g"
"Running Make include in ps7_cortexa9_0/libsrc/gpiops_v1_01_a/src"
make -C ps7_cortexa9_0/libsrc/gpiops_v1_01_a/src -s include  "SHELL=CMD" "COMPILER=arm-xilinx-eabi-gcc" "ARCHIVER=arm-xilinx-eabi-ar" "COMPILER_FLAGS=  -O2 -c" "EXTRA_COMPILER_FLAGS=-g"
"Running Make include in ps7_cortexa9_0/libsrc/iicps_v1_03_a/src"
make -C ps7_cortexa9_0/libsrc/iicps_v1_03_a/src -s include  "SHELL=CMD" "COMPILER=arm-xilinx-eabi-gcc" "ARCHIVER=arm-xilinx-eabi-ar" "COMPILER_FLAGS=  -O2 -c" "EXTRA_COMPILER_FLAGS=-g"
"Running Make include in ps7_cortexa9_0/libsrc/lwip140_v1_05_a/src"
make -C ps7_cortexa9_0/libsrc/lwip140_v1_05_a/src -s include  "SHELL=CMD" "COMPILER=arm-xilinx-eabi-gcc" "ARCHIVER=arm-xilinx-eabi-ar" "COMPILER_FLAGS=  -O2 -c" "EXTRA_COMPILER_FLAGS=-g"
"Running Make include in ps7_cortexa9_0/libsrc/qspips_v2_02_a/src"
make -C ps7_cortexa9_0/libsrc/qspips_v2_02_a/src -s include  "SHELL=CMD" "COMPILER=arm-xilinx-eabi-gcc" "ARCHIVER=arm-xilinx-eabi-ar" "COMPILER_FLAGS=  -O2 -c" "EXTRA_COMPILER_FLAGS=-g"
"Running Make include in ps7_cortexa9_0/libsrc/scugic_v1_04_a/src"
make -C ps7_cortexa9_0/libsrc/scugic_v1_04_a/src -s include  "SHELL=CMD" "COMPILER=arm-xilinx-eabi-gcc" "ARCHIVER=arm-xilinx-eabi-ar" "COMPILER_FLAGS=  -O2 -c" "EXTRA_COMPILER_FLAGS=-g"
"Running Make include in ps7_cortexa9_0/libsrc/scutimer_v1_02_a/src"
make -C ps7_cortexa9_0/libsrc/scutimer_v1_02_a/src -s include  "SHELL=CMD" "COMPILER=arm-xilinx-eabi-gcc" "ARCHIVER=arm-xilinx-eabi-ar" "COMPILER_FLAGS=  -O2 -c" "EXTRA_COMPILER_FLAGS=-g"
"Running Make include in ps7_cortexa9_0/libsrc/scuwdt_v1_02_a/src"
make -C ps7_cortexa9_0/libsrc/scuwdt_v1_02_a/src -s include  "SHELL=CMD" "COMPILER=arm-xilinx-eabi-gcc" "ARCHIVER=arm-xilinx-eabi-ar" "COMPILER_FLAGS=  -O2 -c" "EXTRA_COMPILER_FLAGS=-g"
"Running Make include in ps7_cortexa9_0/libsrc/spips_v1_05_a/src"
make -C ps7_cortexa9_0/libsrc/spips_v1_05_a/src -s include  "SHELL=CMD" "COMPILER=arm-xilinx-eabi-gcc" "ARCHIVER=arm-xilinx-eabi-ar" "COMPILER_FLAGS=  -O2 -c" "EXTRA_COMPILER_FLAGS=-g"
"Running Make include in ps7_cortexa9_0/libsrc/standalone_v3_10_a/src"
make -C ps7_cortexa9_0/libsrc/standalone_v3_10_a/src -s include  "SHELL=CMD" "COMPILER=arm-xilinx-eabi-gcc" "ARCHIVER=arm-xilinx-eabi-ar" "COMPILER_FLAGS=  -O2 -c" "EXTRA_COMPILER_FLAGS=-g"
"Running Make include in ps7_cortexa9_0/libsrc/ttcps_v1_01_a/src"
make -C ps7_cortexa9_0/libsrc/ttcps_v1_01_a/src -s include  "SHELL=CMD" "COMPILER=arm-xilinx-eabi-gcc" "ARCHIVER=arm-xilinx-eabi-ar" "COMPILER_FLAGS=  -O2 -c" "EXTRA_COMPILER_FLAGS=-g"
"Running Make include in ps7_cortexa9_0/libsrc/uartps_v1_04_a/src"
make -C ps7_cortexa9_0/libsrc/uartps_v1_04_a/src -s include  "SHELL=CMD" "COMPILER=arm-xilinx-eabi-gcc" "ARCHIVER=arm-xilinx-eabi-ar" "COMPILER_FLAGS=  -O2 -c" "EXTRA_COMPILER_FLAGS=-g"
"Running Make include in ps7_cortexa9_0/libsrc/usbps_v1_04_a/src"
make -C ps7_cortexa9_0/libsrc/usbps_v1_04_a/src -s include  "SHELL=CMD" "COMPILER=arm-xilinx-eabi-gcc" "ARCHIVER=arm-xilinx-eabi-ar" "COMPILER_FLAGS=  -O2 -c" "EXTRA_COMPILER_FLAGS=-g"
"Running Make include in ps7_cortexa9_0/libsrc/wdtps_v1_02_a/src"
make -C ps7_cortexa9_0/libsrc/wdtps_v1_02_a/src -s include  "SHELL=CMD" "COMPILER=arm-xilinx-eabi-gcc" "ARCHIVER=arm-xilinx-eabi-ar" "COMPILER_FLAGS=  -O2 -c" "EXTRA_COMPILER_FLAGS=-g"
"Running Make include in ps7_cortexa9_0/libsrc/xadcps_v1_01_a/src"
make -C ps7_cortexa9_0/libsrc/xadcps_v1_01_a/src -s include  "SHELL=CMD" "COMPILER=arm-xilinx-eabi-gcc" "ARCHIVER=arm-xilinx-eabi-ar" "COMPILER_FLAGS=  -O2 -c" "EXTRA_COMPILER_FLAGS=-g"
"Running Make libs in ps7_cortexa9_0/libsrc/bram_v3_02_a/src"
make -C ps7_cortexa9_0/libsrc/bram_v3_02_a/src -s libs  "SHELL=CMD" "COMPILER=arm-xilinx-eabi-gcc" "ARCHIVER=arm-xilinx-eabi-ar" "COMPILER_FLAGS=  -O2 -c" "EXTRA_COMPILER_FLAGS=-g"
"Compiling bram"
arm-xilinx-eabi-ar: creating ../../../lib/libxil.a
"Running Make libs in ps7_cortexa9_0/libsrc/common_v1_00_a/src"
make -C ps7_cortexa9_0/libsrc/common_v1_00_a/src -s libs  "SHELL=CMD" "COMPILER=arm-xilinx-eabi-gcc" "ARCHIVER=arm-xilinx-eabi-ar" "COMPILER_FLAGS=  -O2 -c" "EXTRA_COMPILER_FLAGS=-g"
"Compiling common"
"Running Make libs in ps7_cortexa9_0/libsrc/cpu_cortexa9_v1_01_a/src"
make -C ps7_cortexa9_0/libsrc/cpu_cortexa9_v1_01_a/src -s libs  "SHELL=CMD" "COMPILER=arm-xilinx-eabi-gcc" "ARCHIVER=arm-xilinx-eabi-ar" "COMPILER_FLAGS=  -O2 -c" "EXTRA_COMPILER_FLAGS=-g"
"Compiling cpu_cortexa9"
"Running Make libs in ps7_cortexa9_0/libsrc/devcfg_v2_03_a/src"
make -C ps7_cortexa9_0/libsrc/devcfg_v2_03_a/src -s libs  "SHELL=CMD" "COMPILER=arm-xilinx-eabi-gcc" "ARCHIVER=arm-xilinx-eabi-ar" "COMPILER_FLAGS=  -O2 -c" "EXTRA_COMPILER_FLAGS=-g"
"Compiling devcfg"
"Running Make libs in ps7_cortexa9_0/libsrc/dmaps_v1_05_a/src"
make -C ps7_cortexa9_0/libsrc/dmaps_v1_05_a/src -s libs  "SHELL=CMD" "COMPILER=arm-xilinx-eabi-gcc" "ARCHIVER=arm-xilinx-eabi-ar" "COMPILER_FLAGS=  -O2 -c" "EXTRA_COMPILER_FLAGS=-g"
"Compiling dmaps"
"Running Make libs in ps7_cortexa9_0/libsrc/emacps_v1_04_a/src"
make -C ps7_cortexa9_0/libsrc/emacps_v1_04_a/src -s libs  "SHELL=CMD" "COMPILER=arm-xilinx-eabi-gcc" "ARCHIVER=arm-xilinx-eabi-ar" "COMPILER_FLAGS=  -O2 -c" "EXTRA_COMPILER_FLAGS=-g"
"Compiling emacps"
"Running Make libs in ps7_cortexa9_0/libsrc/gpiops_v1_01_a/src"
make -C ps7_cortexa9_0/libsrc/gpiops_v1_01_a/src -s libs  "SHELL=CMD" "COMPILER=arm-xilinx-eabi-gcc" "ARCHIVER=arm-xilinx-eabi-ar" "COMPILER_FLAGS=  -O2 -c" "EXTRA_COMPILER_FLAGS=-g"
"Compiling gpiops"
"Running Make libs in ps7_cortexa9_0/libsrc/iicps_v1_03_a/src"
make -C ps7_cortexa9_0/libsrc/iicps_v1_03_a/src -s libs  "SHELL=CMD" "COMPILER=arm-xilinx-eabi-gcc" "ARCHIVER=arm-xilinx-eabi-ar" "COMPILER_FLAGS=  -O2 -c" "EXTRA_COMPILER_FLAGS=-g"
"Compiling iicps"
"Running Make libs in ps7_cortexa9_0/libsrc/lwip140_v1_05_a/src"
make -C ps7_cortexa9_0/libsrc/lwip140_v1_05_a/src -s libs  "SHELL=CMD" "COMPILER=arm-xilinx-eabi-gcc" "ARCHIVER=arm-xilinx-eabi-ar" "COMPILER_FLAGS=  -O2 -c" "EXTRA_COMPILER_FLAGS=-g"
A subdirectory or file -p already exists.
Error occurred while processing: -p.
A subdirectory or file obj already exists.
Error occurred while processing: obj.
make[1]: *** [obj_dir] Error 1
"Compiling lwIP"
"Compiling lwIP adapter for Xilinx MAC"
make[1]: Target `libs' not remade because of errors.
make: *** [ps7_cortexa9_0/libsrc/lwip140_v1_05_a/src/make.libs] Error 2
"Running Make libs in ps7_cortexa9_0/libsrc/qspips_v2_02_a/src"
make -C ps7_cortexa9_0/libsrc/qspips_v2_02_a/src -s libs  "SHELL=CMD" "COMPILER=arm-xilinx-eabi-gcc" "ARCHIVER=arm-xilinx-eabi-ar" "COMPILER_FLAGS=  -O2 -c" "EXTRA_COMPILER_FLAGS=-g"
"Compiling qspips"
"Running Make libs in ps7_cortexa9_0/libsrc/scugic_v1_04_a/src"
make -C ps7_cortexa9_0/libsrc/scugic_v1_04_a/src -s libs  "SHELL=CMD" "COMPILER=arm-xilinx-eabi-gcc" "ARCHIVER=arm-xilinx-eabi-ar" "COMPILER_FLAGS=  -O2 -c" "EXTRA_COMPILER_FLAGS=-g"
"Compiling scugic"
"Running Make libs in ps7_cortexa9_0/libsrc/scutimer_v1_02_a/src"
make -C ps7_cortexa9_0/libsrc/scutimer_v1_02_a/src -s libs  "SHELL=CMD" "COMPILER=arm-xilinx-eabi-gcc" "ARCHIVER=arm-xilinx-eabi-ar" "COMPILER_FLAGS=  -O2 -c" "EXTRA_COMPILER_FLAGS=-g"
"Compiling scutimer"
"Running Make libs in ps7_cortexa9_0/libsrc/scuwdt_v1_02_a/src"
make -C ps7_cortexa9_0/libsrc/scuwdt_v1_02_a/src -s libs  "SHELL=CMD" "COMPILER=arm-xilinx-eabi-gcc" "ARCHIVER=arm-xilinx-eabi-ar" "COMPILER_FLAGS=  -O2 -c" "EXTRA_COMPILER_FLAGS=-g"
"Compiling scuwdt"
"Running Make libs in ps7_cortexa9_0/libsrc/spips_v1_05_a/src"
make -C ps7_cortexa9_0/libsrc/spips_v1_05_a/src -s libs  "SHELL=CMD" "COMPILER=arm-xilinx-eabi-gcc" "ARCHIVER=arm-xilinx-eabi-ar" "COMPILER_FLAGS=  -O2 -c" "EXTRA_COMPILER_FLAGS=-g"
"Compiling spips"
"Running Make libs in ps7_cortexa9_0/libsrc/standalone_v3_10_a/src"
make -C ps7_cortexa9_0/libsrc/standalone_v3_10_a/src -s libs  "SHELL=CMD" "COMPILER=arm-xilinx-eabi-gcc" "ARCHIVER=arm-xilinx-eabi-ar" "COMPILER_FLAGS=  -O2 -c" "EXTRA_COMPILER_FLAGS=-g"
"Compiling standalone"
"Running Make libs in ps7_cortexa9_0/libsrc/ttcps_v1_01_a/src"
make -C ps7_cortexa9_0/libsrc/ttcps_v1_01_a/src -s libs  "SHELL=CMD" "COMPILER=arm-xilinx-eabi-gcc" "ARCHIVER=arm-xilinx-eabi-ar" "COMPILER_FLAGS=  -O2 -c" "EXTRA_COMPILER_FLAGS=-g"
"Compiling ttcps"
"Running Make libs in ps7_cortexa9_0/libsrc/uartps_v1_04_a/src"
make -C ps7_cortexa9_0/libsrc/uartps_v1_04_a/src -s libs  "SHELL=CMD" "COMPILER=arm-xilinx-eabi-gcc" "ARCHIVER=arm-xilinx-eabi-ar" "COMPILER_FLAGS=  -O2 -c" "EXTRA_COMPILER_FLAGS=-g"
"Compiling uartps"
"Running Make libs in ps7_cortexa9_0/libsrc/usbps_v1_04_a/src"
make -C ps7_cortexa9_0/libsrc/usbps_v1_04_a/src -s libs  "SHELL=CMD" "COMPILER=arm-xilinx-eabi-gcc" "ARCHIVER=arm-xilinx-eabi-ar" "COMPILER_FLAGS=  -O2 -c" "EXTRA_COMPILER_FLAGS=-g"
"Compiling usbps"
"Running Make libs in ps7_cortexa9_0/libsrc/wdtps_v1_02_a/src"
make -C ps7_cortexa9_0/libsrc/wdtps_v1_02_a/src -s libs  "SHELL=CMD" "COMPILER=arm-xilinx-eabi-gcc" "ARCHIVER=arm-xilinx-eabi-ar" "COMPILER_FLAGS=  -O2 -c" "EXTRA_COMPILER_FLAGS=-g"
"Compiling wdtps"
"Running Make libs in ps7_cortexa9_0/libsrc/xadcps_v1_01_a/src"
make -C ps7_cortexa9_0/libsrc/xadcps_v1_01_a/src -s libs  "SHELL=CMD" "COMPILER=arm-xilinx-eabi-gcc" "ARCHIVER=arm-xilinx-eabi-ar" "COMPILER_FLAGS=  -O2 -c" "EXTRA_COMPILER_FLAGS=-g"
"Compiling xadc"
make: Target `all' not remade because of errors.
16:49:15 **** Build of configuration Debug for project memtester ****
make all 
Building file: ../src/test01.c
Invoking: ARM gcc compiler
arm-xilinx-eabi-gcc -Wall -O0 -g3 -c -fmessage-length=0 -I../../standalone_bsp_0/ps7_cortexa9_0/include -MMD -MP -MF"src/test01.d" -MT"src/test01.d" -o "src/test01.o" "../src/test01.c"
../src/test01.c: In function 'memtest_readonly':
../src/test01.c:1231:15: warning: variable 'data' set but not used [-Wunused-but-set-variable]
  int i, addr, data=0;
               ^
../src/test01.c: In function 'memtest_all':
../src/test01.c:1571:25: warning: initialization makes integer from pointer without a cast [enabled by default]
  REG_WRITE(ERR_INFO+16, &err_buf[0]);   // put ptr to err_buf in err_info+16
                         ^
../src/test01.c:145:13: note: in definition of macro 'REG_WRITE'
   ({int v = val; int a = addr; __asm volatile ("str  %1,[%0]\n" :: "r"(a),"r"(v)); v;})
             ^
../src/test01.c: In function 'measure_read_eye':
../src/test01.c:1766:34: warning: variable 'rc' set but not used [-Wunused-but-set-variable]
  int i, j, k, m, dqs_ratio, sel, rc, cc, ww;   // rd_gate_auto;
                                  ^
Finished building: ../src/test01.c
 
Building file: ../src/translation_table.s
Invoking: ARM gcc assembler
arm-xilinx-eabi-gcc -c  -o"src/translation_table.o" "../src/translation_table.s"
Finished building: ../src/translation_table.s
 
Building target: memtester.elf
Invoking: ARM gcc linker
arm-xilinx-eabi-gcc -Wl,-T -Wl,../src/lscript.ld -L../../standalone_bsp_0/ps7_cortexa9_0/lib -o "memtester.elf"  ./src/test01.o ./src/translation_table.o   -Wl,--start-group,-lxil,-lgcc,-lc,--end-group -Wl,--start-group,-lxil,-llwip4,-lgcc,-lc,--end-group
Finished building target: memtester.elf
 
Invoking: ARM Print Size
arm-xilinx-eabi-size memtester.elf  |tee "memtester.elf.size"
   text	   data	    bss	    dec	    hex	filename
  93368	   4496	  66568	 164432	  28250	memtester.elf
Finished building: memtester.elf.size
 
16:49:15 **** Build of configuration Debug for project zynq_fsbl ****
make all 
Building file: ../src/ddr_init.c
Invoking: ARM gcc compiler
arm-xilinx-eabi-gcc -Wall -O0 -g3 -I"C:\Users\andrew\workspace\ocm_memtest\standalone_bsp_0\ps7_cortexa9_0\lib" -c -fmessage-length=0 -I"C:\Users\andrew\workspace\ocm_memtest\standalone_bsp_0\ps7_cortexa9_0\include" -MMD -MP -MF"src/ddr_init.d" -MT"src/ddr_init.d" -o "src/ddr_init.o" "../src/ddr_init.c"
Finished building: ../src/ddr_init.c
 
Building file: ../src/ff.c
Invoking: ARM gcc compiler
arm-xilinx-eabi-gcc -Wall -O0 -g3 -I"C:\Users\andrew\workspace\ocm_memtest\standalone_bsp_0\ps7_cortexa9_0\lib" -c -fmessage-length=0 -I"C:\Users\andrew\workspace\ocm_memtest\standalone_bsp_0\ps7_cortexa9_0\include" -MMD -MP -MF"src/ff.d" -MT"src/ff.d" -o "src/ff.o" "../src/ff.c"
Finished building: ../src/ff.c
 
Building file: ../src/fsbl_handoff.S
Invoking: ARM gcc compiler
arm-xilinx-eabi-gcc -Wall -O0 -g3 -I"C:\Users\andrew\workspace\ocm_memtest\standalone_bsp_0\ps7_cortexa9_0\lib" -c -fmessage-length=0 -I"C:\Users\andrew\workspace\ocm_memtest\standalone_bsp_0\ps7_cortexa9_0\include" -MMD -MP -MF"src/fsbl_handoff.d" -MT"src/fsbl_handoff.d" -o "src/fsbl_handoff.o" "../src/fsbl_handoff.S"
Finished building: ../src/fsbl_handoff.S
 
Building file: ../src/fsbl_hooks.c
Invoking: ARM gcc compiler
arm-xilinx-eabi-gcc -Wall -O0 -g3 -I"C:\Users\andrew\workspace\ocm_memtest\standalone_bsp_0\ps7_cortexa9_0\lib" -c -fmessage-length=0 -I"C:\Users\andrew\workspace\ocm_memtest\standalone_bsp_0\ps7_cortexa9_0\include" -MMD -MP -MF"src/fsbl_hooks.d" -MT"src/fsbl_hooks.d" -o "src/fsbl_hooks.o" "../src/fsbl_hooks.c"
Finished building: ../src/fsbl_hooks.c
 
Building file: ../src/image_mover.c
Invoking: ARM gcc compiler
arm-xilinx-eabi-gcc -Wall -O0 -g3 -I"C:\Users\andrew\workspace\ocm_memtest\standalone_bsp_0\ps7_cortexa9_0\lib" -c -fmessage-length=0 -I"C:\Users\andrew\workspace\ocm_memtest\standalone_bsp_0\ps7_cortexa9_0\include" -MMD -MP -MF"src/image_mover.d" -MT"src/image_mover.d" -o "src/image_mover.o" "../src/image_mover.c"
Finished building: ../src/image_mover.c
 
Building file: ../src/main.c
Invoking: ARM gcc compiler
arm-xilinx-eabi-gcc -Wall -O0 -g3 -I"C:\Users\andrew\workspace\ocm_memtest\standalone_bsp_0\ps7_cortexa9_0\lib" -c -fmessage-length=0 -I"C:\Users\andrew\workspace\ocm_memtest\standalone_bsp_0\ps7_cortexa9_0\include" -MMD -MP -MF"src/main.d" -MT"src/main.d" -o "src/main.o" "../src/main.c"
Finished building: ../src/main.c
 
Building file: ../src/md5.c
Invoking: ARM gcc compiler
arm-xilinx-eabi-gcc -Wall -O0 -g3 -I"C:\Users\andrew\workspace\ocm_memtest\standalone_bsp_0\ps7_cortexa9_0\lib" -c -fmessage-length=0 -I"C:\Users\andrew\workspace\ocm_memtest\standalone_bsp_0\ps7_cortexa9_0\include" -MMD -MP -MF"src/md5.d" -MT"src/md5.d" -o "src/md5.o" "../src/md5.c"
Finished building: ../src/md5.c
 
Building file: ../src/mmc.c
Invoking: ARM gcc compiler
arm-xilinx-eabi-gcc -Wall -O0 -g3 -I"C:\Users\andrew\workspace\ocm_memtest\standalone_bsp_0\ps7_cortexa9_0\lib" -c -fmessage-length=0 -I"C:\Users\andrew\workspace\ocm_memtest\standalone_bsp_0\ps7_cortexa9_0\include" -MMD -MP -MF"src/mmc.d" -MT"src/mmc.d" -o "src/mmc.o" "../src/mmc.c"
Finished building: ../src/mmc.c
 
Building file: ../src/nand.c
Invoking: ARM gcc compiler
arm-xilinx-eabi-gcc -Wall -O0 -g3 -I"C:\Users\andrew\workspace\ocm_memtest\standalone_bsp_0\ps7_cortexa9_0\lib" -c -fmessage-length=0 -I"C:\Users\andrew\workspace\ocm_memtest\standalone_bsp_0\ps7_cortexa9_0\include" -MMD -MP -MF"src/nand.d" -MT"src/nand.d" -o "src/nand.o" "../src/nand.c"
Finished building: ../src/nand.c
 
Building file: ../src/nor.c
Invoking: ARM gcc compiler
arm-xilinx-eabi-gcc -Wall -O0 -g3 -I"C:\Users\andrew\workspace\ocm_memtest\standalone_bsp_0\ps7_cortexa9_0\lib" -c -fmessage-length=0 -I"C:\Users\andrew\workspace\ocm_memtest\standalone_bsp_0\ps7_cortexa9_0\include" -MMD -MP -MF"src/nor.d" -MT"src/nor.d" -o "src/nor.o" "../src/nor.c"
Finished building: ../src/nor.c
 
Building file: ../src/pcap.c
Invoking: ARM gcc compiler
arm-xilinx-eabi-gcc -Wall -O0 -g3 -I"C:\Users\andrew\workspace\ocm_memtest\standalone_bsp_0\ps7_cortexa9_0\lib" -c -fmessage-length=0 -I"C:\Users\andrew\workspace\ocm_memtest\standalone_bsp_0\ps7_cortexa9_0\include" -MMD -MP -MF"src/pcap.d" -MT"src/pcap.d" -o "src/pcap.o" "../src/pcap.c"
Finished building: ../src/pcap.c
 
Building file: ../src/ps7_init.c
Invoking: ARM gcc compiler
arm-xilinx-eabi-gcc -Wall -O0 -g3 -I"C:\Users\andrew\workspace\ocm_memtest\standalone_bsp_0\ps7_cortexa9_0\lib" -c -fmessage-length=0 -I"C:\Users\andrew\workspace\ocm_memtest\standalone_bsp_0\ps7_cortexa9_0\include" -MMD -MP -MF"src/ps7_init.d" -MT"src/ps7_init.d" -o "src/ps7_init.o" "../src/ps7_init.c"
Finished building: ../src/ps7_init.c
 
Building file: ../src/qspi.c
Invoking: ARM gcc compiler
arm-xilinx-eabi-gcc -Wall -O0 -g3 -I"C:\Users\andrew\workspace\ocm_memtest\standalone_bsp_0\ps7_cortexa9_0\lib" -c -fmessage-length=0 -I"C:\Users\andrew\workspace\ocm_memtest\standalone_bsp_0\ps7_cortexa9_0\include" -MMD -MP -MF"src/qspi.d" -MT"src/qspi.d" -o "src/qspi.o" "../src/qspi.c"
Finished building: ../src/qspi.c
 
Building file: ../src/rsa.c
Invoking: ARM gcc compiler
arm-xilinx-eabi-gcc -Wall -O0 -g3 -I"C:\Users\andrew\workspace\ocm_memtest\standalone_bsp_0\ps7_cortexa9_0\lib" -c -fmessage-length=0 -I"C:\Users\andrew\workspace\ocm_memtest\standalone_bsp_0\ps7_cortexa9_0\include" -MMD -MP -MF"src/rsa.d" -MT"src/rsa.d" -o "src/rsa.o" "../src/rsa.c"
Finished building: ../src/rsa.c
 
Building file: ../src/sd.c
Invoking: ARM gcc compiler
arm-xilinx-eabi-gcc -Wall -O0 -g3 -I"C:\Users\andrew\workspace\ocm_memtest\standalone_bsp_0\ps7_cortexa9_0\lib" -c -fmessage-length=0 -I"C:\Users\andrew\workspace\ocm_memtest\standalone_bsp_0\ps7_cortexa9_0\include" -MMD -MP -MF"src/sd.d" -MT"src/sd.d" -o "src/sd.o" "../src/sd.c"
Finished building: ../src/sd.c
 
Building file: ../src/test01.c
Invoking: ARM gcc compiler
arm-xilinx-eabi-gcc -Wall -O0 -g3 -I"C:\Users\andrew\workspace\ocm_memtest\standalone_bsp_0\ps7_cortexa9_0\lib" -c -fmessage-length=0 -I"C:\Users\andrew\workspace\ocm_memtest\standalone_bsp_0\ps7_cortexa9_0\include" -MMD -MP -MF"src/test01.d" -MT"src/test01.d" -o "src/test01.o" "../src/test01.c"
../src/test01.c: In function 'memtest_readonly':
../src/test01.c:1231:15: warning: variable 'data' set but not used [-Wunused-but-set-variable]
  int i, addr, data=0;
               ^
../src/test01.c: In function 'memtest_all':
../src/test01.c:1571:25: warning: initialization makes integer from pointer without a cast [enabled by default]
  REG_WRITE(ERR_INFO+16, &err_buf[0]);   // put ptr to err_buf in err_info+16
                         ^
../src/test01.c:145:13: note: in definition of macro 'REG_WRITE'
   ({int v = val; int a = addr; __asm volatile ("str  %1,[%0]\n" :: "r"(a),"r"(v)); v;})
             ^
../src/test01.c: In function 'measure_read_eye':
../src/test01.c:1766:34: warning: variable 'rc' set but not used [-Wunused-but-set-variable]
  int i, j, k, m, dqs_ratio, sel, rc, cc, ww;   // rd_gate_auto;
                                  ^
Finished building: ../src/test01.c
 
Building target: zynq_fsbl.elf
Invoking: ARM gcc linker
arm-xilinx-eabi-gcc -L"C:\Users\andrew\workspace\ocm_memtest\zynq_fsbl\src" -L"C:\Users\andrew\workspace\ocm_memtest\standalone_bsp_0\ps7_cortexa9_0\lib" -Wl,-T -Wl,../src/lscript.ld -L../../zynq_fsbl_bsp/ps7_cortexa9_0/lib -o "zynq_fsbl.elf"  ./src/ddr_init.o ./src/ff.o ./src/fsbl_handoff.o ./src/fsbl_hooks.o ./src/image_mover.o ./src/main.o ./src/md5.o ./src/mmc.o ./src/nand.o ./src/nor.o ./src/pcap.o ./src/ps7_init.o ./src/qspi.o ./src/rsa.o ./src/sd.o ./src/test01.o   -lrsa -Wl,--start-group,-lxil,-lgcc,-lc,--end-group
C:\Users\andrew\workspace\ocm_memtest\standalone_bsp_0\ps7_cortexa9_0\lib\libxil.a(xil_cache.o): In function `Xil_L1DCacheInvalidate':
C:\Users\andrew\workspace\ocm_memtest\standalone_bsp_0\ps7_cortexa9_0\libsrc\standalone_v3_10_a\src/xil_cache.c:594: multiple definition of `Xil_L1DCacheInvalidate'
./src/test01.o:C:\Users\andrew\workspace\ocm_memtest\zynq_fsbl\Debug/../src/test01.c:659: first defined here
C:\Users\andrew\workspace\ocm_memtest\standalone_bsp_0\ps7_cortexa9_0\lib\libxil.a(xil_cache.o): In function `Xil_L1DCacheFlush':
C:\Users\andrew\workspace\ocm_memtest\standalone_bsp_0\ps7_cortexa9_0\libsrc\standalone_v3_10_a\src/xil_cache.c:735: multiple definition of `Xil_L1DCacheFlush'
./src/test01.o:C:\Users\andrew\workspace\ocm_memtest\zynq_fsbl\Debug/../src/test01.c:749: first defined here
C:\Users\andrew\workspace\ocm_memtest\standalone_bsp_0\ps7_cortexa9_0\lib\libxil.a(xil_cache.o): In function `Xil_L2CacheInvalidate':
C:\Users\andrew\workspace\ocm_memtest\standalone_bsp_0\ps7_cortexa9_0\libsrc\standalone_v3_10_a\src/xil_cache.c:1145: multiple definition of `Xil_L2CacheInvalidate'
./src/test01.o:C:\Users\andrew\workspace\ocm_memtest\zynq_fsbl\Debug/../src/test01.c:715: first defined here
C:\Users\andrew\workspace\ocm_memtest\standalone_bsp_0\ps7_cortexa9_0\lib\libxil.a(xil_cache.o): In function `Xil_DCacheInvalidate':
C:\Users\andrew\workspace\ocm_memtest\standalone_bsp_0\ps7_cortexa9_0\libsrc\standalone_v3_10_a\src/xil_cache.c:188: multiple definition of `Xil_DCacheInvalidate'
./src/test01.o:C:\Users\andrew\workspace\ocm_memtest\zynq_fsbl\Debug/../src/test01.c:807: first defined here
C:\Users\andrew\workspace\ocm_memtest\standalone_bsp_0\ps7_cortexa9_0\lib\libxil.a(xil_cache.o): In function `Xil_L2WriteDebugCtrl':
C:\Users\andrew\workspace\ocm_memtest\standalone_bsp_0\ps7_cortexa9_0\libsrc\standalone_v3_10_a\src/xil_cache.c:102: multiple definition of `Xil_L2CacheFlush'
./src/test01.o:C:\Users\andrew\workspace\ocm_memtest\zynq_fsbl\Debug/../src/test01.c:732: first defined here
e:/xilinx/sdk/2014.2/gnu/arm/nt/bin/../lib/gcc/arm-xilinx-eabi/4.8.1/../../../../arm-xilinx-eabi/bin/ld.exe: zynq_fsbl.elf section `.heap' will not fit in region `ps7_ram_0_S_AXI_BASEADDR'
e:/xilinx/sdk/2014.2/gnu/arm/nt/bin/../lib/gcc/arm-xilinx-eabi/4.8.1/../../../../arm-xilinx-eabi/bin/ld.exe: region `ps7_ram_0_S_AXI_BASEADDR' overflowed by 1840 bytes
collect2.exe: error: ld returned 1 exit status
make: *** [zynq_fsbl.elf] Error 1
16:50:10 **** Auto Build of project standalone_bsp_0 ****
make -k all 
"Running Make include in ps7_cortexa9_0/libsrc/bram_v3_02_a/src"
make -C ps7_cortexa9_0/libsrc/bram_v3_02_a/src -s include  "SHELL=CMD" "COMPILER=arm-xilinx-eabi-gcc" "ARCHIVER=arm-xilinx-eabi-ar" "COMPILER_FLAGS=  -O2 -c" "EXTRA_COMPILER_FLAGS=-g"
"Running Make include in ps7_cortexa9_0/libsrc/common_v1_00_a/src"
make -C ps7_cortexa9_0/libsrc/common_v1_00_a/src -s include  "SHELL=CMD" "COMPILER=arm-xilinx-eabi-gcc" "ARCHIVER=arm-xilinx-eabi-ar" "COMPILER_FLAGS=  -O2 -c" "EXTRA_COMPILER_FLAGS=-g"
"Running Make include in ps7_cortexa9_0/libsrc/cpu_cortexa9_v1_01_a/src"
make -C ps7_cortexa9_0/libsrc/cpu_cortexa9_v1_01_a/src -s include  "SHELL=CMD" "COMPILER=arm-xilinx-eabi-gcc" "ARCHIVER=arm-xilinx-eabi-ar" "COMPILER_FLAGS=  -O2 -c" "EXTRA_COMPILER_FLAGS=-g"
"Running Make include in ps7_cortexa9_0/libsrc/devcfg_v2_03_a/src"
make -C ps7_cortexa9_0/libsrc/devcfg_v2_03_a/src -s include  "SHELL=CMD" "COMPILER=arm-xilinx-eabi-gcc" "ARCHIVER=arm-xilinx-eabi-ar" "COMPILER_FLAGS=  -O2 -c" "EXTRA_COMPILER_FLAGS=-g"
"Running Make include in ps7_cortexa9_0/libsrc/dmaps_v1_05_a/src"
make -C ps7_cortexa9_0/libsrc/dmaps_v1_05_a/src -s include  "SHELL=CMD" "COMPILER=arm-xilinx-eabi-gcc" "ARCHIVER=arm-xilinx-eabi-ar" "COMPILER_FLAGS=  -O2 -c" "EXTRA_COMPILER_FLAGS=-g"
"Running Make include in ps7_cortexa9_0/libsrc/emacps_v1_04_a/src"
make -C ps7_cortexa9_0/libsrc/emacps_v1_04_a/src -s include  "SHELL=CMD" "COMPILER=arm-xilinx-eabi-gcc" "ARCHIVER=arm-xilinx-eabi-ar" "COMPILER_FLAGS=  -O2 -c" "EXTRA_COMPILER_FLAGS=-g"
"Running Make include in ps7_cortexa9_0/libsrc/gpiops_v1_01_a/src"
make -C ps7_cortexa9_0/libsrc/gpiops_v1_01_a/src -s include  "SHELL=CMD" "COMPILER=arm-xilinx-eabi-gcc" "ARCHIVER=arm-xilinx-eabi-ar" "COMPILER_FLAGS=  -O2 -c" "EXTRA_COMPILER_FLAGS=-g"
"Running Make include in ps7_cortexa9_0/libsrc/iicps_v1_03_a/src"
make -C ps7_cortexa9_0/libsrc/iicps_v1_03_a/src -s include  "SHELL=CMD" "COMPILER=arm-xilinx-eabi-gcc" "ARCHIVER=arm-xilinx-eabi-ar" "COMPILER_FLAGS=  -O2 -c" "EXTRA_COMPILER_FLAGS=-g"
"Running Make include in ps7_cortexa9_0/libsrc/qspips_v2_02_a/src"
make -C ps7_cortexa9_0/libsrc/qspips_v2_02_a/src -s include  "SHELL=CMD" "COMPILER=arm-xilinx-eabi-gcc" "ARCHIVER=arm-xilinx-eabi-ar" "COMPILER_FLAGS=  -O2 -c" "EXTRA_COMPILER_FLAGS=-g"
"Running Make include in ps7_cortexa9_0/libsrc/scugic_v1_04_a/src"
make -C ps7_cortexa9_0/libsrc/scugic_v1_04_a/src -s include  "SHELL=CMD" "COMPILER=arm-xilinx-eabi-gcc" "ARCHIVER=arm-xilinx-eabi-ar" "COMPILER_FLAGS=  -O2 -c" "EXTRA_COMPILER_FLAGS=-g"
"Running Make include in ps7_cortexa9_0/libsrc/scutimer_v1_02_a/src"
make -C ps7_cortexa9_0/libsrc/scutimer_v1_02_a/src -s include  "SHELL=CMD" "COMPILER=arm-xilinx-eabi-gcc" "ARCHIVER=arm-xilinx-eabi-ar" "COMPILER_FLAGS=  -O2 -c" "EXTRA_COMPILER_FLAGS=-g"
"Running Make include in ps7_cortexa9_0/libsrc/scuwdt_v1_02_a/src"
make -C ps7_cortexa9_0/libsrc/scuwdt_v1_02_a/src -s include  "SHELL=CMD" "COMPILER=arm-xilinx-eabi-gcc" "ARCHIVER=arm-xilinx-eabi-ar" "COMPILER_FLAGS=  -O2 -c" "EXTRA_COMPILER_FLAGS=-g"
"Running Make include in ps7_cortexa9_0/libsrc/spips_v1_05_a/src"
make -C ps7_cortexa9_0/libsrc/spips_v1_05_a/src -s include  "SHELL=CMD" "COMPILER=arm-xilinx-eabi-gcc" "ARCHIVER=arm-xilinx-eabi-ar" "COMPILER_FLAGS=  -O2 -c" "EXTRA_COMPILER_FLAGS=-g"
"Running Make include in ps7_cortexa9_0/libsrc/standalone_v3_10_a/src"
make -C ps7_cortexa9_0/libsrc/standalone_v3_10_a/src -s include  "SHELL=CMD" "COMPILER=arm-xilinx-eabi-gcc" "ARCHIVER=arm-xilinx-eabi-ar" "COMPILER_FLAGS=  -O2 -c" "EXTRA_COMPILER_FLAGS=-g"
"Running Make include in ps7_cortexa9_0/libsrc/ttcps_v1_01_a/src"
make -C ps7_cortexa9_0/libsrc/ttcps_v1_01_a/src -s include  "SHELL=CMD" "COMPILER=arm-xilinx-eabi-gcc" "ARCHIVER=arm-xilinx-eabi-ar" "COMPILER_FLAGS=  -O2 -c" "EXTRA_COMPILER_FLAGS=-g"
"Running Make include in ps7_cortexa9_0/libsrc/uartps_v1_04_a/src"
make -C ps7_cortexa9_0/libsrc/uartps_v1_04_a/src -s include  "SHELL=CMD" "COMPILER=arm-xilinx-eabi-gcc" "ARCHIVER=arm-xilinx-eabi-ar" "COMPILER_FLAGS=  -O2 -c" "EXTRA_COMPILER_FLAGS=-g"
"Running Make include in ps7_cortexa9_0/libsrc/usbps_v1_04_a/src"
make -C ps7_cortexa9_0/libsrc/usbps_v1_04_a/src -s include  "SHELL=CMD" "COMPILER=arm-xilinx-eabi-gcc" "ARCHIVER=arm-xilinx-eabi-ar" "COMPILER_FLAGS=  -O2 -c" "EXTRA_COMPILER_FLAGS=-g"
"Running Make include in ps7_cortexa9_0/libsrc/wdtps_v1_02_a/src"
make -C ps7_cortexa9_0/libsrc/wdtps_v1_02_a/src -s include  "SHELL=CMD" "COMPILER=arm-xilinx-eabi-gcc" "ARCHIVER=arm-xilinx-eabi-ar" "COMPILER_FLAGS=  -O2 -c" "EXTRA_COMPILER_FLAGS=-g"
"Running Make include in ps7_cortexa9_0/libsrc/xadcps_v1_01_a/src"
make -C ps7_cortexa9_0/libsrc/xadcps_v1_01_a/src -s include  "SHELL=CMD" "COMPILER=arm-xilinx-eabi-gcc" "ARCHIVER=arm-xilinx-eabi-ar" "COMPILER_FLAGS=  -O2 -c" "EXTRA_COMPILER_FLAGS=-g"
"Running Make libs in ps7_cortexa9_0/libsrc/bram_v3_02_a/src"
make -C ps7_cortexa9_0/libsrc/bram_v3_02_a/src -s libs  "SHELL=CMD" "COMPILER=arm-xilinx-eabi-gcc" "ARCHIVER=arm-xilinx-eabi-ar" "COMPILER_FLAGS=  -O2 -c" "EXTRA_COMPILER_FLAGS=-g"
"Compiling bram"
arm-xilinx-eabi-ar: creating ../../../lib/libxil.a
"Running Make libs in ps7_cortexa9_0/libsrc/common_v1_00_a/src"
make -C ps7_cortexa9_0/libsrc/common_v1_00_a/src -s libs  "SHELL=CMD" "COMPILER=arm-xilinx-eabi-gcc" "ARCHIVER=arm-xilinx-eabi-ar" "COMPILER_FLAGS=  -O2 -c" "EXTRA_COMPILER_FLAGS=-g"
"Compiling common"
"Running Make libs in ps7_cortexa9_0/libsrc/cpu_cortexa9_v1_01_a/src"
make -C ps7_cortexa9_0/libsrc/cpu_cortexa9_v1_01_a/src -s libs  "SHELL=CMD" "COMPILER=arm-xilinx-eabi-gcc" "ARCHIVER=arm-xilinx-eabi-ar" "COMPILER_FLAGS=  -O2 -c" "EXTRA_COMPILER_FLAGS=-g"
"Compiling cpu_cortexa9"
"Running Make libs in ps7_cortexa9_0/libsrc/devcfg_v2_03_a/src"
make -C ps7_cortexa9_0/libsrc/devcfg_v2_03_a/src -s libs  "SHELL=CMD" "COMPILER=arm-xilinx-eabi-gcc" "ARCHIVER=arm-xilinx-eabi-ar" "COMPILER_FLAGS=  -O2 -c" "EXTRA_COMPILER_FLAGS=-g"
"Compiling devcfg"
"Running Make libs in ps7_cortexa9_0/libsrc/dmaps_v1_05_a/src"
make -C ps7_cortexa9_0/libsrc/dmaps_v1_05_a/src -s libs  "SHELL=CMD" "COMPILER=arm-xilinx-eabi-gcc" "ARCHIVER=arm-xilinx-eabi-ar" "COMPILER_FLAGS=  -O2 -c" "EXTRA_COMPILER_FLAGS=-g"
"Compiling dmaps"
"Running Make libs in ps7_cortexa9_0/libsrc/emacps_v1_04_a/src"
make -C ps7_cortexa9_0/libsrc/emacps_v1_04_a/src -s libs  "SHELL=CMD" "COMPILER=arm-xilinx-eabi-gcc" "ARCHIVER=arm-xilinx-eabi-ar" "COMPILER_FLAGS=  -O2 -c" "EXTRA_COMPILER_FLAGS=-g"
"Compiling emacps"
"Running Make libs in ps7_cortexa9_0/libsrc/gpiops_v1_01_a/src"
make -C ps7_cortexa9_0/libsrc/gpiops_v1_01_a/src -s libs  "SHELL=CMD" "COMPILER=arm-xilinx-eabi-gcc" "ARCHIVER=arm-xilinx-eabi-ar" "COMPILER_FLAGS=  -O2 -c" "EXTRA_COMPILER_FLAGS=-g"
"Compiling gpiops"
"Running Make libs in ps7_cortexa9_0/libsrc/iicps_v1_03_a/src"
make -C ps7_cortexa9_0/libsrc/iicps_v1_03_a/src -s libs  "SHELL=CMD" "COMPILER=arm-xilinx-eabi-gcc" "ARCHIVER=arm-xilinx-eabi-ar" "COMPILER_FLAGS=  -O2 -c" "EXTRA_COMPILER_FLAGS=-g"
"Compiling iicps"
"Running Make libs in ps7_cortexa9_0/libsrc/qspips_v2_02_a/src"
make -C ps7_cortexa9_0/libsrc/qspips_v2_02_a/src -s libs  "SHELL=CMD" "COMPILER=arm-xilinx-eabi-gcc" "ARCHIVER=arm-xilinx-eabi-ar" "COMPILER_FLAGS=  -O2 -c" "EXTRA_COMPILER_FLAGS=-g"
"Compiling qspips"
"Running Make libs in ps7_cortexa9_0/libsrc/scugic_v1_04_a/src"
make -C ps7_cortexa9_0/libsrc/scugic_v1_04_a/src -s libs  "SHELL=CMD" "COMPILER=arm-xilinx-eabi-gcc" "ARCHIVER=arm-xilinx-eabi-ar" "COMPILER_FLAGS=  -O2 -c" "EXTRA_COMPILER_FLAGS=-g"
"Compiling scugic"
"Running Make libs in ps7_cortexa9_0/libsrc/scutimer_v1_02_a/src"
make -C ps7_cortexa9_0/libsrc/scutimer_v1_02_a/src -s libs  "SHELL=CMD" "COMPILER=arm-xilinx-eabi-gcc" "ARCHIVER=arm-xilinx-eabi-ar" "COMPILER_FLAGS=  -O2 -c" "EXTRA_COMPILER_FLAGS=-g"
"Compiling scutimer"
"Running Make libs in ps7_cortexa9_0/libsrc/scuwdt_v1_02_a/src"
make -C ps7_cortexa9_0/libsrc/scuwdt_v1_02_a/src -s libs  "SHELL=CMD" "COMPILER=arm-xilinx-eabi-gcc" "ARCHIVER=arm-xilinx-eabi-ar" "COMPILER_FLAGS=  -O2 -c" "EXTRA_COMPILER_FLAGS=-g"
"Compiling scuwdt"
"Running Make libs in ps7_cortexa9_0/libsrc/spips_v1_05_a/src"
make -C ps7_cortexa9_0/libsrc/spips_v1_05_a/src -s libs  "SHELL=CMD" "COMPILER=arm-xilinx-eabi-gcc" "ARCHIVER=arm-xilinx-eabi-ar" "COMPILER_FLAGS=  -O2 -c" "EXTRA_COMPILER_FLAGS=-g"
"Compiling spips"
"Running Make libs in ps7_cortexa9_0/libsrc/standalone_v3_10_a/src"
make -C ps7_cortexa9_0/libsrc/standalone_v3_10_a/src -s libs  "SHELL=CMD" "COMPILER=arm-xilinx-eabi-gcc" "ARCHIVER=arm-xilinx-eabi-ar" "COMPILER_FLAGS=  -O2 -c" "EXTRA_COMPILER_FLAGS=-g"
"Compiling standalone"
"Running Make libs in ps7_cortexa9_0/libsrc/ttcps_v1_01_a/src"
make -C ps7_cortexa9_0/libsrc/ttcps_v1_01_a/src -s libs  "SHELL=CMD" "COMPILER=arm-xilinx-eabi-gcc" "ARCHIVER=arm-xilinx-eabi-ar" "COMPILER_FLAGS=  -O2 -c" "EXTRA_COMPILER_FLAGS=-g"
"Compiling ttcps"
"Running Make libs in ps7_cortexa9_0/libsrc/uartps_v1_04_a/src"
make -C ps7_cortexa9_0/libsrc/uartps_v1_04_a/src -s libs  "SHELL=CMD" "COMPILER=arm-xilinx-eabi-gcc" "ARCHIVER=arm-xilinx-eabi-ar" "COMPILER_FLAGS=  -O2 -c" "EXTRA_COMPILER_FLAGS=-g"
"Compiling uartps"
"Running Make libs in ps7_cortexa9_0/libsrc/usbps_v1_04_a/src"
make -C ps7_cortexa9_0/libsrc/usbps_v1_04_a/src -s libs  "SHELL=CMD" "COMPILER=arm-xilinx-eabi-gcc" "ARCHIVER=arm-xilinx-eabi-ar" "COMPILER_FLAGS=  -O2 -c" "EXTRA_COMPILER_FLAGS=-g"
"Compiling usbps"
"Running Make libs in ps7_cortexa9_0/libsrc/wdtps_v1_02_a/src"
make -C ps7_cortexa9_0/libsrc/wdtps_v1_02_a/src -s libs  "SHELL=CMD" "COMPILER=arm-xilinx-eabi-gcc" "ARCHIVER=arm-xilinx-eabi-ar" "COMPILER_FLAGS=  -O2 -c" "EXTRA_COMPILER_FLAGS=-g"
"Compiling wdtps"
"Running Make libs in ps7_cortexa9_0/libsrc/xadcps_v1_01_a/src"
make -C ps7_cortexa9_0/libsrc/xadcps_v1_01_a/src -s libs  "SHELL=CMD" "COMPILER=arm-xilinx-eabi-gcc" "ARCHIVER=arm-xilinx-eabi-ar" "COMPILER_FLAGS=  -O2 -c" "EXTRA_COMPILER_FLAGS=-g"
"Compiling xadc"
'Finished building libraries'
16:50:24 **** Clean-only build of configuration Debug for project memtester ****
make clean 
rm -rf  ./src/test01.o ./src/translation_table.o  ./src/test01.d  memtester.elf.size  memtester.elf
 
16:50:25 **** Auto Build of configuration Debug for project memtester ****
make all 
Building file: ../src/test01.c
Invoking: ARM gcc compiler
arm-xilinx-eabi-gcc -Wall -O0 -g3 -c -fmessage-length=0 -I../../standalone_bsp_0/ps7_cortexa9_0/include -MMD -MP -MF"src/test01.d" -MT"src/test01.d" -o "src/test01.o" "../src/test01.c"
../src/test01.c: In function 'memtest_readonly':
../src/test01.c:1231:15: warning: variable 'data' set but not used [-Wunused-but-set-variable]
  int i, addr, data=0;
               ^
../src/test01.c: In function 'memtest_all':
../src/test01.c:1571:25: warning: initialization makes integer from pointer without a cast [enabled by default]
  REG_WRITE(ERR_INFO+16, &err_buf[0]);   // put ptr to err_buf in err_info+16
                         ^
../src/test01.c:145:13: note: in definition of macro 'REG_WRITE'
   ({int v = val; int a = addr; __asm volatile ("str  %1,[%0]\n" :: "r"(a),"r"(v)); v;})
             ^
../src/test01.c: In function 'measure_read_eye':
../src/test01.c:1766:34: warning: variable 'rc' set but not used [-Wunused-but-set-variable]
  int i, j, k, m, dqs_ratio, sel, rc, cc, ww;   // rd_gate_auto;
                                  ^
Finished building: ../src/test01.c
 
Building file: ../src/translation_table.s
Invoking: ARM gcc assembler
arm-xilinx-eabi-gcc -c  -o"src/translation_table.o" "../src/translation_table.s"
Finished building: ../src/translation_table.s
 
Building target: memtester.elf
Invoking: ARM gcc linker
arm-xilinx-eabi-gcc -Wl,-T -Wl,../src/lscript.ld -L../../standalone_bsp_0/ps7_cortexa9_0/lib -o "memtester.elf"  ./src/test01.o ./src/translation_table.o   -Wl,--start-group,-lxil,-lgcc,-lc,--end-group
Finished building target: memtester.elf
 
Invoking: ARM Print Size
arm-xilinx-eabi-size memtester.elf  |tee "memtester.elf.size"
   text	   data	    bss	    dec	    hex	filename
  93368	   4496	  66568	 164432	  28250	memtester.elf
Finished building: memtester.elf.size
 
16:50:36 **** Clean-only build of configuration Debug for project memtester ****
make clean 
rm -rf  ./src/test01.o ./src/translation_table.o  ./src/test01.d  memtester.elf.size  memtester.elf
 
16:50:36 **** Clean-only build of configuration Debug for project zynq_fsbl ****
make clean 
rm -rf  ./src/ddr_init.o ./src/ff.o ./src/fsbl_handoff.o ./src/fsbl_hooks.o ./src/image_mover.o ./src/main.o ./src/md5.o ./src/mmc.o ./src/nand.o ./src/nor.o ./src/pcap.o ./src/ps7_init.o ./src/qspi.o ./src/rsa.o ./src/sd.o ./src/test01.o  ./src/ddr_init.d ./src/ff.d ./src/fsbl_hooks.d ./src/image_mover.d ./src/main.d ./src/md5.d ./src/mmc.d ./src/nand.d ./src/nor.d ./src/pcap.d ./src/ps7_init.d ./src/qspi.d ./src/rsa.d ./src/sd.d ./src/test01.d  zynq_fsbl.elf.size  ./src/fsbl_handoff.d  zynq_fsbl.elf
 
16:50:36 **** Clean-only build of project standalone_bsp_0 ****
make -k clean 
rm -f ps7_cortexa9_0/lib/libxil.a
16:50:36 **** Build of project standalone_bsp_0 ****
make -k all 
"Running Make include in ps7_cortexa9_0/libsrc/bram_v3_02_a/src"
make -C ps7_cortexa9_0/libsrc/bram_v3_02_a/src -s include  "SHELL=CMD" "COMPILER=arm-xilinx-eabi-gcc" "ARCHIVER=arm-xilinx-eabi-ar" "COMPILER_FLAGS=  -O2 -c" "EXTRA_COMPILER_FLAGS=-g"
"Running Make include in ps7_cortexa9_0/libsrc/common_v1_00_a/src"
make -C ps7_cortexa9_0/libsrc/common_v1_00_a/src -s include  "SHELL=CMD" "COMPILER=arm-xilinx-eabi-gcc" "ARCHIVER=arm-xilinx-eabi-ar" "COMPILER_FLAGS=  -O2 -c" "EXTRA_COMPILER_FLAGS=-g"
"Running Make include in ps7_cortexa9_0/libsrc/cpu_cortexa9_v1_01_a/src"
make -C ps7_cortexa9_0/libsrc/cpu_cortexa9_v1_01_a/src -s include  "SHELL=CMD" "COMPILER=arm-xilinx-eabi-gcc" "ARCHIVER=arm-xilinx-eabi-ar" "COMPILER_FLAGS=  -O2 -c" "EXTRA_COMPILER_FLAGS=-g"
"Running Make include in ps7_cortexa9_0/libsrc/devcfg_v2_03_a/src"
make -C ps7_cortexa9_0/libsrc/devcfg_v2_03_a/src -s include  "SHELL=CMD" "COMPILER=arm-xilinx-eabi-gcc" "ARCHIVER=arm-xilinx-eabi-ar" "COMPILER_FLAGS=  -O2 -c" "EXTRA_COMPILER_FLAGS=-g"
"Running Make include in ps7_cortexa9_0/libsrc/dmaps_v1_05_a/src"
make -C ps7_cortexa9_0/libsrc/dmaps_v1_05_a/src -s include  "SHELL=CMD" "COMPILER=arm-xilinx-eabi-gcc" "ARCHIVER=arm-xilinx-eabi-ar" "COMPILER_FLAGS=  -O2 -c" "EXTRA_COMPILER_FLAGS=-g"
"Running Make include in ps7_cortexa9_0/libsrc/emacps_v1_04_a/src"
make -C ps7_cortexa9_0/libsrc/emacps_v1_04_a/src -s include  "SHELL=CMD" "COMPILER=arm-xilinx-eabi-gcc" "ARCHIVER=arm-xilinx-eabi-ar" "COMPILER_FLAGS=  -O2 -c" "EXTRA_COMPILER_FLAGS=-g"
"Running Make include in ps7_cortexa9_0/libsrc/gpiops_v1_01_a/src"
make -C ps7_cortexa9_0/libsrc/gpiops_v1_01_a/src -s include  "SHELL=CMD" "COMPILER=arm-xilinx-eabi-gcc" "ARCHIVER=arm-xilinx-eabi-ar" "COMPILER_FLAGS=  -O2 -c" "EXTRA_COMPILER_FLAGS=-g"
"Running Make include in ps7_cortexa9_0/libsrc/iicps_v1_03_a/src"
make -C ps7_cortexa9_0/libsrc/iicps_v1_03_a/src -s include  "SHELL=CMD" "COMPILER=arm-xilinx-eabi-gcc" "ARCHIVER=arm-xilinx-eabi-ar" "COMPILER_FLAGS=  -O2 -c" "EXTRA_COMPILER_FLAGS=-g"
"Running Make include in ps7_cortexa9_0/libsrc/qspips_v2_02_a/src"
make -C ps7_cortexa9_0/libsrc/qspips_v2_02_a/src -s include  "SHELL=CMD" "COMPILER=arm-xilinx-eabi-gcc" "ARCHIVER=arm-xilinx-eabi-ar" "COMPILER_FLAGS=  -O2 -c" "EXTRA_COMPILER_FLAGS=-g"
"Running Make include in ps7_cortexa9_0/libsrc/scugic_v1_04_a/src"
make -C ps7_cortexa9_0/libsrc/scugic_v1_04_a/src -s include  "SHELL=CMD" "COMPILER=arm-xilinx-eabi-gcc" "ARCHIVER=arm-xilinx-eabi-ar" "COMPILER_FLAGS=  -O2 -c" "EXTRA_COMPILER_FLAGS=-g"
"Running Make include in ps7_cortexa9_0/libsrc/scutimer_v1_02_a/src"
make -C ps7_cortexa9_0/libsrc/scutimer_v1_02_a/src -s include  "SHELL=CMD" "COMPILER=arm-xilinx-eabi-gcc" "ARCHIVER=arm-xilinx-eabi-ar" "COMPILER_FLAGS=  -O2 -c" "EXTRA_COMPILER_FLAGS=-g"
"Running Make include in ps7_cortexa9_0/libsrc/scuwdt_v1_02_a/src"
make -C ps7_cortexa9_0/libsrc/scuwdt_v1_02_a/src -s include  "SHELL=CMD" "COMPILER=arm-xilinx-eabi-gcc" "ARCHIVER=arm-xilinx-eabi-ar" "COMPILER_FLAGS=  -O2 -c" "EXTRA_COMPILER_FLAGS=-g"
"Running Make include in ps7_cortexa9_0/libsrc/spips_v1_05_a/src"
make -C ps7_cortexa9_0/libsrc/spips_v1_05_a/src -s include  "SHELL=CMD" "COMPILER=arm-xilinx-eabi-gcc" "ARCHIVER=arm-xilinx-eabi-ar" "COMPILER_FLAGS=  -O2 -c" "EXTRA_COMPILER_FLAGS=-g"
"Running Make include in ps7_cortexa9_0/libsrc/standalone_v3_10_a/src"
make -C ps7_cortexa9_0/libsrc/standalone_v3_10_a/src -s include  "SHELL=CMD" "COMPILER=arm-xilinx-eabi-gcc" "ARCHIVER=arm-xilinx-eabi-ar" "COMPILER_FLAGS=  -O2 -c" "EXTRA_COMPILER_FLAGS=-g"
"Running Make include in ps7_cortexa9_0/libsrc/ttcps_v1_01_a/src"
make -C ps7_cortexa9_0/libsrc/ttcps_v1_01_a/src -s include  "SHELL=CMD" "COMPILER=arm-xilinx-eabi-gcc" "ARCHIVER=arm-xilinx-eabi-ar" "COMPILER_FLAGS=  -O2 -c" "EXTRA_COMPILER_FLAGS=-g"
"Running Make include in ps7_cortexa9_0/libsrc/uartps_v1_04_a/src"
make -C ps7_cortexa9_0/libsrc/uartps_v1_04_a/src -s include  "SHELL=CMD" "COMPILER=arm-xilinx-eabi-gcc" "ARCHIVER=arm-xilinx-eabi-ar" "COMPILER_FLAGS=  -O2 -c" "EXTRA_COMPILER_FLAGS=-g"
"Running Make include in ps7_cortexa9_0/libsrc/usbps_v1_04_a/src"
make -C ps7_cortexa9_0/libsrc/usbps_v1_04_a/src -s include  "SHELL=CMD" "COMPILER=arm-xilinx-eabi-gcc" "ARCHIVER=arm-xilinx-eabi-ar" "COMPILER_FLAGS=  -O2 -c" "EXTRA_COMPILER_FLAGS=-g"
"Running Make include in ps7_cortexa9_0/libsrc/wdtps_v1_02_a/src"
make -C ps7_cortexa9_0/libsrc/wdtps_v1_02_a/src -s include  "SHELL=CMD" "COMPILER=arm-xilinx-eabi-gcc" "ARCHIVER=arm-xilinx-eabi-ar" "COMPILER_FLAGS=  -O2 -c" "EXTRA_COMPILER_FLAGS=-g"
"Running Make include in ps7_cortexa9_0/libsrc/xadcps_v1_01_a/src"
make -C ps7_cortexa9_0/libsrc/xadcps_v1_01_a/src -s include  "SHELL=CMD" "COMPILER=arm-xilinx-eabi-gcc" "ARCHIVER=arm-xilinx-eabi-ar" "COMPILER_FLAGS=  -O2 -c" "EXTRA_COMPILER_FLAGS=-g"
"Running Make libs in ps7_cortexa9_0/libsrc/bram_v3_02_a/src"
make -C ps7_cortexa9_0/libsrc/bram_v3_02_a/src -s libs  "SHELL=CMD" "COMPILER=arm-xilinx-eabi-gcc" "ARCHIVER=arm-xilinx-eabi-ar" "COMPILER_FLAGS=  -O2 -c" "EXTRA_COMPILER_FLAGS=-g"
"Compiling bram"
arm-xilinx-eabi-ar: creating ../../../lib/libxil.a
"Running Make libs in ps7_cortexa9_0/libsrc/common_v1_00_a/src"
make -C ps7_cortexa9_0/libsrc/common_v1_00_a/src -s libs  "SHELL=CMD" "COMPILER=arm-xilinx-eabi-gcc" "ARCHIVER=arm-xilinx-eabi-ar" "COMPILER_FLAGS=  -O2 -c" "EXTRA_COMPILER_FLAGS=-g"
"Compiling common"
"Running Make libs in ps7_cortexa9_0/libsrc/cpu_cortexa9_v1_01_a/src"
make -C ps7_cortexa9_0/libsrc/cpu_cortexa9_v1_01_a/src -s libs  "SHELL=CMD" "COMPILER=arm-xilinx-eabi-gcc" "ARCHIVER=arm-xilinx-eabi-ar" "COMPILER_FLAGS=  -O2 -c" "EXTRA_COMPILER_FLAGS=-g"
"Compiling cpu_cortexa9"
"Running Make libs in ps7_cortexa9_0/libsrc/devcfg_v2_03_a/src"
make -C ps7_cortexa9_0/libsrc/devcfg_v2_03_a/src -s libs  "SHELL=CMD" "COMPILER=arm-xilinx-eabi-gcc" "ARCHIVER=arm-xilinx-eabi-ar" "COMPILER_FLAGS=  -O2 -c" "EXTRA_COMPILER_FLAGS=-g"
"Compiling devcfg"
"Running Make libs in ps7_cortexa9_0/libsrc/dmaps_v1_05_a/src"
make -C ps7_cortexa9_0/libsrc/dmaps_v1_05_a/src -s libs  "SHELL=CMD" "COMPILER=arm-xilinx-eabi-gcc" "ARCHIVER=arm-xilinx-eabi-ar" "COMPILER_FLAGS=  -O2 -c" "EXTRA_COMPILER_FLAGS=-g"
"Compiling dmaps"
"Running Make libs in ps7_cortexa9_0/libsrc/emacps_v1_04_a/src"
make -C ps7_cortexa9_0/libsrc/emacps_v1_04_a/src -s libs  "SHELL=CMD" "COMPILER=arm-xilinx-eabi-gcc" "ARCHIVER=arm-xilinx-eabi-ar" "COMPILER_FLAGS=  -O2 -c" "EXTRA_COMPILER_FLAGS=-g"
"Compiling emacps"
"Running Make libs in ps7_cortexa9_0/libsrc/gpiops_v1_01_a/src"
make -C ps7_cortexa9_0/libsrc/gpiops_v1_01_a/src -s libs  "SHELL=CMD" "COMPILER=arm-xilinx-eabi-gcc" "ARCHIVER=arm-xilinx-eabi-ar" "COMPILER_FLAGS=  -O2 -c" "EXTRA_COMPILER_FLAGS=-g"
"Compiling gpiops"
"Running Make libs in ps7_cortexa9_0/libsrc/iicps_v1_03_a/src"
make -C ps7_cortexa9_0/libsrc/iicps_v1_03_a/src -s libs  "SHELL=CMD" "COMPILER=arm-xilinx-eabi-gcc" "ARCHIVER=arm-xilinx-eabi-ar" "COMPILER_FLAGS=  -O2 -c" "EXTRA_COMPILER_FLAGS=-g"
"Compiling iicps"
"Running Make libs in ps7_cortexa9_0/libsrc/qspips_v2_02_a/src"
make -C ps7_cortexa9_0/libsrc/qspips_v2_02_a/src -s libs  "SHELL=CMD" "COMPILER=arm-xilinx-eabi-gcc" "ARCHIVER=arm-xilinx-eabi-ar" "COMPILER_FLAGS=  -O2 -c" "EXTRA_COMPILER_FLAGS=-g"
"Compiling qspips"
"Running Make libs in ps7_cortexa9_0/libsrc/scugic_v1_04_a/src"
make -C ps7_cortexa9_0/libsrc/scugic_v1_04_a/src -s libs  "SHELL=CMD" "COMPILER=arm-xilinx-eabi-gcc" "ARCHIVER=arm-xilinx-eabi-ar" "COMPILER_FLAGS=  -O2 -c" "EXTRA_COMPILER_FLAGS=-g"
"Compiling scugic"
"Running Make libs in ps7_cortexa9_0/libsrc/scutimer_v1_02_a/src"
make -C ps7_cortexa9_0/libsrc/scutimer_v1_02_a/src -s libs  "SHELL=CMD" "COMPILER=arm-xilinx-eabi-gcc" "ARCHIVER=arm-xilinx-eabi-ar" "COMPILER_FLAGS=  -O2 -c" "EXTRA_COMPILER_FLAGS=-g"
"Compiling scutimer"
"Running Make libs in ps7_cortexa9_0/libsrc/scuwdt_v1_02_a/src"
make -C ps7_cortexa9_0/libsrc/scuwdt_v1_02_a/src -s libs  "SHELL=CMD" "COMPILER=arm-xilinx-eabi-gcc" "ARCHIVER=arm-xilinx-eabi-ar" "COMPILER_FLAGS=  -O2 -c" "EXTRA_COMPILER_FLAGS=-g"
"Compiling scuwdt"
"Running Make libs in ps7_cortexa9_0/libsrc/spips_v1_05_a/src"
make -C ps7_cortexa9_0/libsrc/spips_v1_05_a/src -s libs  "SHELL=CMD" "COMPILER=arm-xilinx-eabi-gcc" "ARCHIVER=arm-xilinx-eabi-ar" "COMPILER_FLAGS=  -O2 -c" "EXTRA_COMPILER_FLAGS=-g"
"Compiling spips"
"Running Make libs in ps7_cortexa9_0/libsrc/standalone_v3_10_a/src"
make -C ps7_cortexa9_0/libsrc/standalone_v3_10_a/src -s libs  "SHELL=CMD" "COMPILER=arm-xilinx-eabi-gcc" "ARCHIVER=arm-xilinx-eabi-ar" "COMPILER_FLAGS=  -O2 -c" "EXTRA_COMPILER_FLAGS=-g"
"Compiling standalone"
"Running Make libs in ps7_cortexa9_0/libsrc/ttcps_v1_01_a/src"
make -C ps7_cortexa9_0/libsrc/ttcps_v1_01_a/src -s libs  "SHELL=CMD" "COMPILER=arm-xilinx-eabi-gcc" "ARCHIVER=arm-xilinx-eabi-ar" "COMPILER_FLAGS=  -O2 -c" "EXTRA_COMPILER_FLAGS=-g"
"Compiling ttcps"
"Running Make libs in ps7_cortexa9_0/libsrc/uartps_v1_04_a/src"
make -C ps7_cortexa9_0/libsrc/uartps_v1_04_a/src -s libs  "SHELL=CMD" "COMPILER=arm-xilinx-eabi-gcc" "ARCHIVER=arm-xilinx-eabi-ar" "COMPILER_FLAGS=  -O2 -c" "EXTRA_COMPILER_FLAGS=-g"
"Compiling uartps"
"Running Make libs in ps7_cortexa9_0/libsrc/usbps_v1_04_a/src"
make -C ps7_cortexa9_0/libsrc/usbps_v1_04_a/src -s libs  "SHELL=CMD" "COMPILER=arm-xilinx-eabi-gcc" "ARCHIVER=arm-xilinx-eabi-ar" "COMPILER_FLAGS=  -O2 -c" "EXTRA_COMPILER_FLAGS=-g"
"Compiling usbps"
"Running Make libs in ps7_cortexa9_0/libsrc/wdtps_v1_02_a/src"
make -C ps7_cortexa9_0/libsrc/wdtps_v1_02_a/src -s libs  "SHELL=CMD" "COMPILER=arm-xilinx-eabi-gcc" "ARCHIVER=arm-xilinx-eabi-ar" "COMPILER_FLAGS=  -O2 -c" "EXTRA_COMPILER_FLAGS=-g"
"Compiling wdtps"
"Running Make libs in ps7_cortexa9_0/libsrc/xadcps_v1_01_a/src"
make -C ps7_cortexa9_0/libsrc/xadcps_v1_01_a/src -s libs  "SHELL=CMD" "COMPILER=arm-xilinx-eabi-gcc" "ARCHIVER=arm-xilinx-eabi-ar" "COMPILER_FLAGS=  -O2 -c" "EXTRA_COMPILER_FLAGS=-g"
"Compiling xadc"
'Finished building libraries'
16:50:50 **** Build of configuration Debug for project memtester ****
make all 
Building file: ../src/test01.c
Invoking: ARM gcc compiler
arm-xilinx-eabi-gcc -Wall -O0 -g3 -c -fmessage-length=0 -I../../standalone_bsp_0/ps7_cortexa9_0/include -MMD -MP -MF"src/test01.d" -MT"src/test01.d" -o "src/test01.o" "../src/test01.c"
../src/test01.c: In function 'memtest_readonly':
../src/test01.c:1231:15: warning: variable 'data' set but not used [-Wunused-but-set-variable]
  int i, addr, data=0;
               ^
../src/test01.c: In function 'memtest_all':
../src/test01.c:1571:25: warning: initialization makes integer from pointer without a cast [enabled by default]
  REG_WRITE(ERR_INFO+16, &err_buf[0]);   // put ptr to err_buf in err_info+16
                         ^
../src/test01.c:145:13: note: in definition of macro 'REG_WRITE'
   ({int v = val; int a = addr; __asm volatile ("str  %1,[%0]\n" :: "r"(a),"r"(v)); v;})
             ^
../src/test01.c: In function 'measure_read_eye':
../src/test01.c:1766:34: warning: variable 'rc' set but not used [-Wunused-but-set-variable]
  int i, j, k, m, dqs_ratio, sel, rc, cc, ww;   // rd_gate_auto;
                                  ^
Finished building: ../src/test01.c
 
Building file: ../src/translation_table.s
Invoking: ARM gcc assembler
arm-xilinx-eabi-gcc -c  -o"src/translation_table.o" "../src/translation_table.s"
Finished building: ../src/translation_table.s
 
Building target: memtester.elf
Invoking: ARM gcc linker
arm-xilinx-eabi-gcc -Wl,-T -Wl,../src/lscript.ld -L../../standalone_bsp_0/ps7_cortexa9_0/lib -o "memtester.elf"  ./src/test01.o ./src/translation_table.o   -Wl,--start-group,-lxil,-lgcc,-lc,--end-group
Finished building target: memtester.elf
 
Invoking: ARM Print Size
arm-xilinx-eabi-size memtester.elf  |tee "memtester.elf.size"
   text	   data	    bss	    dec	    hex	filename
  93368	   4496	  66568	 164432	  28250	memtester.elf
Finished building: memtester.elf.size
 
16:50:51 **** Build of configuration Debug for project zynq_fsbl ****
make all 
Building file: ../src/ddr_init.c
Invoking: ARM gcc compiler
arm-xilinx-eabi-gcc -Wall -O0 -g3 -I"C:\Users\andrew\workspace\ocm_memtest\standalone_bsp_0\ps7_cortexa9_0\lib" -c -fmessage-length=0 -I"C:\Users\andrew\workspace\ocm_memtest\standalone_bsp_0\ps7_cortexa9_0\include" -MMD -MP -MF"src/ddr_init.d" -MT"src/ddr_init.d" -o "src/ddr_init.o" "../src/ddr_init.c"
Finished building: ../src/ddr_init.c
 
Building file: ../src/ff.c
Invoking: ARM gcc compiler
arm-xilinx-eabi-gcc -Wall -O0 -g3 -I"C:\Users\andrew\workspace\ocm_memtest\standalone_bsp_0\ps7_cortexa9_0\lib" -c -fmessage-length=0 -I"C:\Users\andrew\workspace\ocm_memtest\standalone_bsp_0\ps7_cortexa9_0\include" -MMD -MP -MF"src/ff.d" -MT"src/ff.d" -o "src/ff.o" "../src/ff.c"
Finished building: ../src/ff.c
 
Building file: ../src/fsbl_handoff.S
Invoking: ARM gcc compiler
arm-xilinx-eabi-gcc -Wall -O0 -g3 -I"C:\Users\andrew\workspace\ocm_memtest\standalone_bsp_0\ps7_cortexa9_0\lib" -c -fmessage-length=0 -I"C:\Users\andrew\workspace\ocm_memtest\standalone_bsp_0\ps7_cortexa9_0\include" -MMD -MP -MF"src/fsbl_handoff.d" -MT"src/fsbl_handoff.d" -o "src/fsbl_handoff.o" "../src/fsbl_handoff.S"
Finished building: ../src/fsbl_handoff.S
 
Building file: ../src/fsbl_hooks.c
Invoking: ARM gcc compiler
arm-xilinx-eabi-gcc -Wall -O0 -g3 -I"C:\Users\andrew\workspace\ocm_memtest\standalone_bsp_0\ps7_cortexa9_0\lib" -c -fmessage-length=0 -I"C:\Users\andrew\workspace\ocm_memtest\standalone_bsp_0\ps7_cortexa9_0\include" -MMD -MP -MF"src/fsbl_hooks.d" -MT"src/fsbl_hooks.d" -o "src/fsbl_hooks.o" "../src/fsbl_hooks.c"
Finished building: ../src/fsbl_hooks.c
 
Building file: ../src/image_mover.c
Invoking: ARM gcc compiler
arm-xilinx-eabi-gcc -Wall -O0 -g3 -I"C:\Users\andrew\workspace\ocm_memtest\standalone_bsp_0\ps7_cortexa9_0\lib" -c -fmessage-length=0 -I"C:\Users\andrew\workspace\ocm_memtest\standalone_bsp_0\ps7_cortexa9_0\include" -MMD -MP -MF"src/image_mover.d" -MT"src/image_mover.d" -o "src/image_mover.o" "../src/image_mover.c"
Finished building: ../src/image_mover.c
 
Building file: ../src/main.c
Invoking: ARM gcc compiler
arm-xilinx-eabi-gcc -Wall -O0 -g3 -I"C:\Users\andrew\workspace\ocm_memtest\standalone_bsp_0\ps7_cortexa9_0\lib" -c -fmessage-length=0 -I"C:\Users\andrew\workspace\ocm_memtest\standalone_bsp_0\ps7_cortexa9_0\include" -MMD -MP -MF"src/main.d" -MT"src/main.d" -o "src/main.o" "../src/main.c"
Finished building: ../src/main.c
 
Building file: ../src/md5.c
Invoking: ARM gcc compiler
arm-xilinx-eabi-gcc -Wall -O0 -g3 -I"C:\Users\andrew\workspace\ocm_memtest\standalone_bsp_0\ps7_cortexa9_0\lib" -c -fmessage-length=0 -I"C:\Users\andrew\workspace\ocm_memtest\standalone_bsp_0\ps7_cortexa9_0\include" -MMD -MP -MF"src/md5.d" -MT"src/md5.d" -o "src/md5.o" "../src/md5.c"
Finished building: ../src/md5.c
 
Building file: ../src/mmc.c
Invoking: ARM gcc compiler
arm-xilinx-eabi-gcc -Wall -O0 -g3 -I"C:\Users\andrew\workspace\ocm_memtest\standalone_bsp_0\ps7_cortexa9_0\lib" -c -fmessage-length=0 -I"C:\Users\andrew\workspace\ocm_memtest\standalone_bsp_0\ps7_cortexa9_0\include" -MMD -MP -MF"src/mmc.d" -MT"src/mmc.d" -o "src/mmc.o" "../src/mmc.c"
Finished building: ../src/mmc.c
 
Building file: ../src/nand.c
Invoking: ARM gcc compiler
arm-xilinx-eabi-gcc -Wall -O0 -g3 -I"C:\Users\andrew\workspace\ocm_memtest\standalone_bsp_0\ps7_cortexa9_0\lib" -c -fmessage-length=0 -I"C:\Users\andrew\workspace\ocm_memtest\standalone_bsp_0\ps7_cortexa9_0\include" -MMD -MP -MF"src/nand.d" -MT"src/nand.d" -o "src/nand.o" "../src/nand.c"
Finished building: ../src/nand.c
 
Building file: ../src/nor.c
Invoking: ARM gcc compiler
arm-xilinx-eabi-gcc -Wall -O0 -g3 -I"C:\Users\andrew\workspace\ocm_memtest\standalone_bsp_0\ps7_cortexa9_0\lib" -c -fmessage-length=0 -I"C:\Users\andrew\workspace\ocm_memtest\standalone_bsp_0\ps7_cortexa9_0\include" -MMD -MP -MF"src/nor.d" -MT"src/nor.d" -o "src/nor.o" "../src/nor.c"
Finished building: ../src/nor.c
 
Building file: ../src/pcap.c
Invoking: ARM gcc compiler
arm-xilinx-eabi-gcc -Wall -O0 -g3 -I"C:\Users\andrew\workspace\ocm_memtest\standalone_bsp_0\ps7_cortexa9_0\lib" -c -fmessage-length=0 -I"C:\Users\andrew\workspace\ocm_memtest\standalone_bsp_0\ps7_cortexa9_0\include" -MMD -MP -MF"src/pcap.d" -MT"src/pcap.d" -o "src/pcap.o" "../src/pcap.c"
Finished building: ../src/pcap.c
 
Building file: ../src/ps7_init.c
Invoking: ARM gcc compiler
arm-xilinx-eabi-gcc -Wall -O0 -g3 -I"C:\Users\andrew\workspace\ocm_memtest\standalone_bsp_0\ps7_cortexa9_0\lib" -c -fmessage-length=0 -I"C:\Users\andrew\workspace\ocm_memtest\standalone_bsp_0\ps7_cortexa9_0\include" -MMD -MP -MF"src/ps7_init.d" -MT"src/ps7_init.d" -o "src/ps7_init.o" "../src/ps7_init.c"
Finished building: ../src/ps7_init.c
 
Building file: ../src/qspi.c
Invoking: ARM gcc compiler
arm-xilinx-eabi-gcc -Wall -O0 -g3 -I"C:\Users\andrew\workspace\ocm_memtest\standalone_bsp_0\ps7_cortexa9_0\lib" -c -fmessage-length=0 -I"C:\Users\andrew\workspace\ocm_memtest\standalone_bsp_0\ps7_cortexa9_0\include" -MMD -MP -MF"src/qspi.d" -MT"src/qspi.d" -o "src/qspi.o" "../src/qspi.c"
Finished building: ../src/qspi.c
 
Building file: ../src/rsa.c
Invoking: ARM gcc compiler
arm-xilinx-eabi-gcc -Wall -O0 -g3 -I"C:\Users\andrew\workspace\ocm_memtest\standalone_bsp_0\ps7_cortexa9_0\lib" -c -fmessage-length=0 -I"C:\Users\andrew\workspace\ocm_memtest\standalone_bsp_0\ps7_cortexa9_0\include" -MMD -MP -MF"src/rsa.d" -MT"src/rsa.d" -o "src/rsa.o" "../src/rsa.c"
Finished building: ../src/rsa.c
 
Building file: ../src/sd.c
Invoking: ARM gcc compiler
arm-xilinx-eabi-gcc -Wall -O0 -g3 -I"C:\Users\andrew\workspace\ocm_memtest\standalone_bsp_0\ps7_cortexa9_0\lib" -c -fmessage-length=0 -I"C:\Users\andrew\workspace\ocm_memtest\standalone_bsp_0\ps7_cortexa9_0\include" -MMD -MP -MF"src/sd.d" -MT"src/sd.d" -o "src/sd.o" "../src/sd.c"
Finished building: ../src/sd.c
 
Building file: ../src/test01.c
Invoking: ARM gcc compiler
arm-xilinx-eabi-gcc -Wall -O0 -g3 -I"C:\Users\andrew\workspace\ocm_memtest\standalone_bsp_0\ps7_cortexa9_0\lib" -c -fmessage-length=0 -I"C:\Users\andrew\workspace\ocm_memtest\standalone_bsp_0\ps7_cortexa9_0\include" -MMD -MP -MF"src/test01.d" -MT"src/test01.d" -o "src/test01.o" "../src/test01.c"
../src/test01.c: In function 'memtest_readonly':
../src/test01.c:1231:15: warning: variable 'data' set but not used [-Wunused-but-set-variable]
  int i, addr, data=0;
               ^
../src/test01.c: In function 'memtest_all':
../src/test01.c:1571:25: warning: initialization makes integer from pointer without a cast [enabled by default]
  REG_WRITE(ERR_INFO+16, &err_buf[0]);   // put ptr to err_buf in err_info+16
                         ^
../src/test01.c:145:13: note: in definition of macro 'REG_WRITE'
   ({int v = val; int a = addr; __asm volatile ("str  %1,[%0]\n" :: "r"(a),"r"(v)); v;})
             ^
../src/test01.c: In function 'measure_read_eye':
../src/test01.c:1766:34: warning: variable 'rc' set but not used [-Wunused-but-set-variable]
  int i, j, k, m, dqs_ratio, sel, rc, cc, ww;   // rd_gate_auto;
                                  ^
Finished building: ../src/test01.c
 
Building target: zynq_fsbl.elf
Invoking: ARM gcc linker
arm-xilinx-eabi-gcc -L"C:\Users\andrew\workspace\ocm_memtest\zynq_fsbl\src" -L"C:\Users\andrew\workspace\ocm_memtest\standalone_bsp_0\ps7_cortexa9_0\lib" -Wl,-T -Wl,../src/lscript.ld -L../../zynq_fsbl_bsp/ps7_cortexa9_0/lib -o "zynq_fsbl.elf"  ./src/ddr_init.o ./src/ff.o ./src/fsbl_handoff.o ./src/fsbl_hooks.o ./src/image_mover.o ./src/main.o ./src/md5.o ./src/mmc.o ./src/nand.o ./src/nor.o ./src/pcap.o ./src/ps7_init.o ./src/qspi.o ./src/rsa.o ./src/sd.o ./src/test01.o   -lrsa -Wl,--start-group,-lxil,-lgcc,-lc,--end-group
C:\Users\andrew\workspace\ocm_memtest\standalone_bsp_0\ps7_cortexa9_0\lib\libxil.a(xil_cache.o): In function `Xil_L1DCacheInvalidate':
C:\Users\andrew\workspace\ocm_memtest\standalone_bsp_0\ps7_cortexa9_0\libsrc\standalone_v3_10_a\src/xil_cache.c:594: multiple definition of `Xil_L1DCacheInvalidate'
./src/test01.o:C:\Users\andrew\workspace\ocm_memtest\zynq_fsbl\Debug/../src/test01.c:659: first defined here
C:\Users\andrew\workspace\ocm_memtest\standalone_bsp_0\ps7_cortexa9_0\lib\libxil.a(xil_cache.o): In function `Xil_L1DCacheFlush':
C:\Users\andrew\workspace\ocm_memtest\standalone_bsp_0\ps7_cortexa9_0\libsrc\standalone_v3_10_a\src/xil_cache.c:735: multiple definition of `Xil_L1DCacheFlush'
./src/test01.o:C:\Users\andrew\workspace\ocm_memtest\zynq_fsbl\Debug/../src/test01.c:749: first defined here
C:\Users\andrew\workspace\ocm_memtest\standalone_bsp_0\ps7_cortexa9_0\lib\libxil.a(xil_cache.o): In function `Xil_L2CacheInvalidate':
C:\Users\andrew\workspace\ocm_memtest\standalone_bsp_0\ps7_cortexa9_0\libsrc\standalone_v3_10_a\src/xil_cache.c:1145: multiple definition of `Xil_L2CacheInvalidate'
./src/test01.o:C:\Users\andrew\workspace\ocm_memtest\zynq_fsbl\Debug/../src/test01.c:715: first defined here
C:\Users\andrew\workspace\ocm_memtest\standalone_bsp_0\ps7_cortexa9_0\lib\libxil.a(xil_cache.o): In function `Xil_DCacheInvalidate':
C:\Users\andrew\workspace\ocm_memtest\standalone_bsp_0\ps7_cortexa9_0\libsrc\standalone_v3_10_a\src/xil_cache.c:188: multiple definition of `Xil_DCacheInvalidate'
./src/test01.o:C:\Users\andrew\workspace\ocm_memtest\zynq_fsbl\Debug/../src/test01.c:807: first defined here
C:\Users\andrew\workspace\ocm_memtest\standalone_bsp_0\ps7_cortexa9_0\lib\libxil.a(xil_cache.o): In function `Xil_L2WriteDebugCtrl':
C:\Users\andrew\workspace\ocm_memtest\standalone_bsp_0\ps7_cortexa9_0\libsrc\standalone_v3_10_a\src/xil_cache.c:102: multiple definition of `Xil_L2CacheFlush'
./src/test01.o:C:\Users\andrew\workspace\ocm_memtest\zynq_fsbl\Debug/../src/test01.c:732: first defined here
e:/xilinx/sdk/2014.2/gnu/arm/nt/bin/../lib/gcc/arm-xilinx-eabi/4.8.1/../../../../arm-xilinx-eabi/bin/ld.exe: zynq_fsbl.elf section `.heap' will not fit in region `ps7_ram_0_S_AXI_BASEADDR'
e:/xilinx/sdk/2014.2/gnu/arm/nt/bin/../lib/gcc/arm-xilinx-eabi/4.8.1/../../../../arm-xilinx-eabi/bin/ld.exe: region `ps7_ram_0_S_AXI_BASEADDR' overflowed by 1840 bytes
collect2.exe: error: ld returned 1 exit status
make: *** [zynq_fsbl.elf] Error 1
16:51:57 **** Auto Build of configuration Debug for project zynq_fsbl ****
make all 
Building file: ../src/test01.c
Invoking: ARM gcc compiler
arm-xilinx-eabi-gcc -Wall -O0 -g3 -I"C:\Users\andrew\workspace\ocm_memtest\standalone_bsp_0\ps7_cortexa9_0\lib" -c -fmessage-length=0 -I"C:\Users\andrew\workspace\ocm_memtest\standalone_bsp_0\ps7_cortexa9_0\include" -MMD -MP -MF"src/test01.d" -MT"src/test01.d" -o "src/test01.o" "../src/test01.c"
../src/test01.c: In function 'memtest_readonly':
../src/test01.c:1062:15: warning: variable 'data' set but not used [-Wunused-but-set-variable]
  int i, addr, data=0;
               ^
../src/test01.c: In function 'memtest_simple':
../src/test01.c:1113:2: warning: implicit declaration of function 'Xil_DCacheInvalidate' [-Wimplicit-function-declaration]
  Xil_DCacheInvalidate();
  ^
../src/test01.c: In function 'memtest_all':
../src/test01.c:1402:25: warning: initialization makes integer from pointer without a cast [enabled by default]
  REG_WRITE(ERR_INFO+16, &err_buf[0]);   // put ptr to err_buf in err_info+16
                         ^
../src/test01.c:145:13: note: in definition of macro 'REG_WRITE'
   ({int v = val; int a = addr; __asm volatile ("str  %1,[%0]\n" :: "r"(a),"r"(v)); v;})
             ^
../src/test01.c: In function 'measure_read_eye':
../src/test01.c:1597:34: warning: variable 'rc' set but not used [-Wunused-but-set-variable]
  int i, j, k, m, dqs_ratio, sel, rc, cc, ww;   // rd_gate_auto;
                                  ^
Finished building: ../src/test01.c
 
Building target: zynq_fsbl.elf
Invoking: ARM gcc linker
arm-xilinx-eabi-gcc -L"C:\Users\andrew\workspace\ocm_memtest\zynq_fsbl\src" -L"C:\Users\andrew\workspace\ocm_memtest\standalone_bsp_0\ps7_cortexa9_0\lib" -Wl,-T -Wl,../src/lscript.ld -L../../zynq_fsbl_bsp/ps7_cortexa9_0/lib -o "zynq_fsbl.elf"  ./src/ddr_init.o ./src/ff.o ./src/fsbl_handoff.o ./src/fsbl_hooks.o ./src/image_mover.o ./src/main.o ./src/md5.o ./src/mmc.o ./src/nand.o ./src/nor.o ./src/pcap.o ./src/ps7_init.o ./src/qspi.o ./src/rsa.o ./src/sd.o ./src/test01.o   -lrsa -Wl,--start-group,-lxil,-lgcc,-lc,--end-group
e:/xilinx/sdk/2014.2/gnu/arm/nt/bin/../lib/gcc/arm-xilinx-eabi/4.8.1/../../../../arm-xilinx-eabi/bin/ld.exe: zynq_fsbl.elf section `.heap' will not fit in region `ps7_ram_0_S_AXI_BASEADDR'
e:/xilinx/sdk/2014.2/gnu/arm/nt/bin/../lib/gcc/arm-xilinx-eabi/4.8.1/../../../../arm-xilinx-eabi/bin/ld.exe: region `ps7_ram_0_S_AXI_BASEADDR' overflowed by 1840 bytes
collect2.exe: error: ld returned 1 exit status
make: *** [zynq_fsbl.elf] Error 1
16:52:18 **** Clean-only build of configuration Debug for project memtester ****
make clean 
rm -rf  ./src/test01.o ./src/translation_table.o  ./src/test01.d  memtester.elf.size  memtester.elf
 
16:52:18 **** Clean-only build of configuration Debug for project zynq_fsbl ****
make clean 
rm -rf  ./src/ddr_init.o ./src/ff.o ./src/fsbl_handoff.o ./src/fsbl_hooks.o ./src/image_mover.o ./src/main.o ./src/md5.o ./src/mmc.o ./src/nand.o ./src/nor.o ./src/pcap.o ./src/ps7_init.o ./src/qspi.o ./src/rsa.o ./src/sd.o ./src/test01.o  ./src/ddr_init.d ./src/ff.d ./src/fsbl_hooks.d ./src/image_mover.d ./src/main.d ./src/md5.d ./src/mmc.d ./src/nand.d ./src/nor.d ./src/pcap.d ./src/ps7_init.d ./src/qspi.d ./src/rsa.d ./src/sd.d ./src/test01.d  zynq_fsbl.elf.size  ./src/fsbl_handoff.d  zynq_fsbl.elf
 
16:52:18 **** Clean-only build of project standalone_bsp_0 ****
make -k clean 
rm -f ps7_cortexa9_0/lib/libxil.a
16:52:18 **** Build of project standalone_bsp_0 ****
make -k all 
"Running Make include in ps7_cortexa9_0/libsrc/bram_v3_02_a/src"
make -C ps7_cortexa9_0/libsrc/bram_v3_02_a/src -s include  "SHELL=CMD" "COMPILER=arm-xilinx-eabi-gcc" "ARCHIVER=arm-xilinx-eabi-ar" "COMPILER_FLAGS=  -O2 -c" "EXTRA_COMPILER_FLAGS=-g"
"Running Make include in ps7_cortexa9_0/libsrc/common_v1_00_a/src"
make -C ps7_cortexa9_0/libsrc/common_v1_00_a/src -s include  "SHELL=CMD" "COMPILER=arm-xilinx-eabi-gcc" "ARCHIVER=arm-xilinx-eabi-ar" "COMPILER_FLAGS=  -O2 -c" "EXTRA_COMPILER_FLAGS=-g"
"Running Make include in ps7_cortexa9_0/libsrc/cpu_cortexa9_v1_01_a/src"
make -C ps7_cortexa9_0/libsrc/cpu_cortexa9_v1_01_a/src -s include  "SHELL=CMD" "COMPILER=arm-xilinx-eabi-gcc" "ARCHIVER=arm-xilinx-eabi-ar" "COMPILER_FLAGS=  -O2 -c" "EXTRA_COMPILER_FLAGS=-g"
"Running Make include in ps7_cortexa9_0/libsrc/devcfg_v2_03_a/src"
make -C ps7_cortexa9_0/libsrc/devcfg_v2_03_a/src -s include  "SHELL=CMD" "COMPILER=arm-xilinx-eabi-gcc" "ARCHIVER=arm-xilinx-eabi-ar" "COMPILER_FLAGS=  -O2 -c" "EXTRA_COMPILER_FLAGS=-g"
"Running Make include in ps7_cortexa9_0/libsrc/dmaps_v1_05_a/src"
make -C ps7_cortexa9_0/libsrc/dmaps_v1_05_a/src -s include  "SHELL=CMD" "COMPILER=arm-xilinx-eabi-gcc" "ARCHIVER=arm-xilinx-eabi-ar" "COMPILER_FLAGS=  -O2 -c" "EXTRA_COMPILER_FLAGS=-g"
"Running Make include in ps7_cortexa9_0/libsrc/emacps_v1_04_a/src"
make -C ps7_cortexa9_0/libsrc/emacps_v1_04_a/src -s include  "SHELL=CMD" "COMPILER=arm-xilinx-eabi-gcc" "ARCHIVER=arm-xilinx-eabi-ar" "COMPILER_FLAGS=  -O2 -c" "EXTRA_COMPILER_FLAGS=-g"
"Running Make include in ps7_cortexa9_0/libsrc/gpiops_v1_01_a/src"
make -C ps7_cortexa9_0/libsrc/gpiops_v1_01_a/src -s include  "SHELL=CMD" "COMPILER=arm-xilinx-eabi-gcc" "ARCHIVER=arm-xilinx-eabi-ar" "COMPILER_FLAGS=  -O2 -c" "EXTRA_COMPILER_FLAGS=-g"
"Running Make include in ps7_cortexa9_0/libsrc/iicps_v1_03_a/src"
make -C ps7_cortexa9_0/libsrc/iicps_v1_03_a/src -s include  "SHELL=CMD" "COMPILER=arm-xilinx-eabi-gcc" "ARCHIVER=arm-xilinx-eabi-ar" "COMPILER_FLAGS=  -O2 -c" "EXTRA_COMPILER_FLAGS=-g"
"Running Make include in ps7_cortexa9_0/libsrc/qspips_v2_02_a/src"
make -C ps7_cortexa9_0/libsrc/qspips_v2_02_a/src -s include  "SHELL=CMD" "COMPILER=arm-xilinx-eabi-gcc" "ARCHIVER=arm-xilinx-eabi-ar" "COMPILER_FLAGS=  -O2 -c" "EXTRA_COMPILER_FLAGS=-g"
"Running Make include in ps7_cortexa9_0/libsrc/scugic_v1_04_a/src"
make -C ps7_cortexa9_0/libsrc/scugic_v1_04_a/src -s include  "SHELL=CMD" "COMPILER=arm-xilinx-eabi-gcc" "ARCHIVER=arm-xilinx-eabi-ar" "COMPILER_FLAGS=  -O2 -c" "EXTRA_COMPILER_FLAGS=-g"
"Running Make include in ps7_cortexa9_0/libsrc/scutimer_v1_02_a/src"
make -C ps7_cortexa9_0/libsrc/scutimer_v1_02_a/src -s include  "SHELL=CMD" "COMPILER=arm-xilinx-eabi-gcc" "ARCHIVER=arm-xilinx-eabi-ar" "COMPILER_FLAGS=  -O2 -c" "EXTRA_COMPILER_FLAGS=-g"
"Running Make include in ps7_cortexa9_0/libsrc/scuwdt_v1_02_a/src"
make -C ps7_cortexa9_0/libsrc/scuwdt_v1_02_a/src -s include  "SHELL=CMD" "COMPILER=arm-xilinx-eabi-gcc" "ARCHIVER=arm-xilinx-eabi-ar" "COMPILER_FLAGS=  -O2 -c" "EXTRA_COMPILER_FLAGS=-g"
"Running Make include in ps7_cortexa9_0/libsrc/spips_v1_05_a/src"
make -C ps7_cortexa9_0/libsrc/spips_v1_05_a/src -s include  "SHELL=CMD" "COMPILER=arm-xilinx-eabi-gcc" "ARCHIVER=arm-xilinx-eabi-ar" "COMPILER_FLAGS=  -O2 -c" "EXTRA_COMPILER_FLAGS=-g"
"Running Make include in ps7_cortexa9_0/libsrc/standalone_v3_10_a/src"
make -C ps7_cortexa9_0/libsrc/standalone_v3_10_a/src -s include  "SHELL=CMD" "COMPILER=arm-xilinx-eabi-gcc" "ARCHIVER=arm-xilinx-eabi-ar" "COMPILER_FLAGS=  -O2 -c" "EXTRA_COMPILER_FLAGS=-g"
"Running Make include in ps7_cortexa9_0/libsrc/ttcps_v1_01_a/src"
make -C ps7_cortexa9_0/libsrc/ttcps_v1_01_a/src -s include  "SHELL=CMD" "COMPILER=arm-xilinx-eabi-gcc" "ARCHIVER=arm-xilinx-eabi-ar" "COMPILER_FLAGS=  -O2 -c" "EXTRA_COMPILER_FLAGS=-g"
"Running Make include in ps7_cortexa9_0/libsrc/uartps_v1_04_a/src"
make -C ps7_cortexa9_0/libsrc/uartps_v1_04_a/src -s include  "SHELL=CMD" "COMPILER=arm-xilinx-eabi-gcc" "ARCHIVER=arm-xilinx-eabi-ar" "COMPILER_FLAGS=  -O2 -c" "EXTRA_COMPILER_FLAGS=-g"
"Running Make include in ps7_cortexa9_0/libsrc/usbps_v1_04_a/src"
make -C ps7_cortexa9_0/libsrc/usbps_v1_04_a/src -s include  "SHELL=CMD" "COMPILER=arm-xilinx-eabi-gcc" "ARCHIVER=arm-xilinx-eabi-ar" "COMPILER_FLAGS=  -O2 -c" "EXTRA_COMPILER_FLAGS=-g"
"Running Make include in ps7_cortexa9_0/libsrc/wdtps_v1_02_a/src"
make -C ps7_cortexa9_0/libsrc/wdtps_v1_02_a/src -s include  "SHELL=CMD" "COMPILER=arm-xilinx-eabi-gcc" "ARCHIVER=arm-xilinx-eabi-ar" "COMPILER_FLAGS=  -O2 -c" "EXTRA_COMPILER_FLAGS=-g"
"Running Make include in ps7_cortexa9_0/libsrc/xadcps_v1_01_a/src"
make -C ps7_cortexa9_0/libsrc/xadcps_v1_01_a/src -s include  "SHELL=CMD" "COMPILER=arm-xilinx-eabi-gcc" "ARCHIVER=arm-xilinx-eabi-ar" "COMPILER_FLAGS=  -O2 -c" "EXTRA_COMPILER_FLAGS=-g"
"Running Make libs in ps7_cortexa9_0/libsrc/bram_v3_02_a/src"
make -C ps7_cortexa9_0/libsrc/bram_v3_02_a/src -s libs  "SHELL=CMD" "COMPILER=arm-xilinx-eabi-gcc" "ARCHIVER=arm-xilinx-eabi-ar" "COMPILER_FLAGS=  -O2 -c" "EXTRA_COMPILER_FLAGS=-g"
"Compiling bram"
arm-xilinx-eabi-ar: creating ../../../lib/libxil.a
"Running Make libs in ps7_cortexa9_0/libsrc/common_v1_00_a/src"
make -C ps7_cortexa9_0/libsrc/common_v1_00_a/src -s libs  "SHELL=CMD" "COMPILER=arm-xilinx-eabi-gcc" "ARCHIVER=arm-xilinx-eabi-ar" "COMPILER_FLAGS=  -O2 -c" "EXTRA_COMPILER_FLAGS=-g"
"Compiling common"
"Running Make libs in ps7_cortexa9_0/libsrc/cpu_cortexa9_v1_01_a/src"
make -C ps7_cortexa9_0/libsrc/cpu_cortexa9_v1_01_a/src -s libs  "SHELL=CMD" "COMPILER=arm-xilinx-eabi-gcc" "ARCHIVER=arm-xilinx-eabi-ar" "COMPILER_FLAGS=  -O2 -c" "EXTRA_COMPILER_FLAGS=-g"
"Compiling cpu_cortexa9"
"Running Make libs in ps7_cortexa9_0/libsrc/devcfg_v2_03_a/src"
make -C ps7_cortexa9_0/libsrc/devcfg_v2_03_a/src -s libs  "SHELL=CMD" "COMPILER=arm-xilinx-eabi-gcc" "ARCHIVER=arm-xilinx-eabi-ar" "COMPILER_FLAGS=  -O2 -c" "EXTRA_COMPILER_FLAGS=-g"
"Compiling devcfg"
"Running Make libs in ps7_cortexa9_0/libsrc/dmaps_v1_05_a/src"
make -C ps7_cortexa9_0/libsrc/dmaps_v1_05_a/src -s libs  "SHELL=CMD" "COMPILER=arm-xilinx-eabi-gcc" "ARCHIVER=arm-xilinx-eabi-ar" "COMPILER_FLAGS=  -O2 -c" "EXTRA_COMPILER_FLAGS=-g"
"Compiling dmaps"
"Running Make libs in ps7_cortexa9_0/libsrc/emacps_v1_04_a/src"
make -C ps7_cortexa9_0/libsrc/emacps_v1_04_a/src -s libs  "SHELL=CMD" "COMPILER=arm-xilinx-eabi-gcc" "ARCHIVER=arm-xilinx-eabi-ar" "COMPILER_FLAGS=  -O2 -c" "EXTRA_COMPILER_FLAGS=-g"
"Compiling emacps"
"Running Make libs in ps7_cortexa9_0/libsrc/gpiops_v1_01_a/src"
make -C ps7_cortexa9_0/libsrc/gpiops_v1_01_a/src -s libs  "SHELL=CMD" "COMPILER=arm-xilinx-eabi-gcc" "ARCHIVER=arm-xilinx-eabi-ar" "COMPILER_FLAGS=  -O2 -c" "EXTRA_COMPILER_FLAGS=-g"
"Compiling gpiops"
"Running Make libs in ps7_cortexa9_0/libsrc/iicps_v1_03_a/src"
make -C ps7_cortexa9_0/libsrc/iicps_v1_03_a/src -s libs  "SHELL=CMD" "COMPILER=arm-xilinx-eabi-gcc" "ARCHIVER=arm-xilinx-eabi-ar" "COMPILER_FLAGS=  -O2 -c" "EXTRA_COMPILER_FLAGS=-g"
"Compiling iicps"
"Running Make libs in ps7_cortexa9_0/libsrc/qspips_v2_02_a/src"
make -C ps7_cortexa9_0/libsrc/qspips_v2_02_a/src -s libs  "SHELL=CMD" "COMPILER=arm-xilinx-eabi-gcc" "ARCHIVER=arm-xilinx-eabi-ar" "COMPILER_FLAGS=  -O2 -c" "EXTRA_COMPILER_FLAGS=-g"
"Compiling qspips"
"Running Make libs in ps7_cortexa9_0/libsrc/scugic_v1_04_a/src"
[...]
Finished building target: zynq_fsbl.elf
 
Invoking: ARM Print Size
arm-xilinx-eabi-size zynq_fsbl.elf  |tee "zynq_fsbl.elf.size"
   text	   data	    bss	    dec	    hex	filename
 145084	  15928	  70936	 231948	  38a0c	zynq_fsbl.elf
Finished building: zynq_fsbl.elf.size
 
18:11:46 **** Auto Build of configuration Debug for project zynq_fsbl ****
make all 
Building file: ../src/ps7_init.c
Invoking: ARM gcc compiler
arm-xilinx-eabi-gcc -Wall -O0 -g3 -I"C:\Users\andrew\workspace\ocm_memtest\standalone_bsp_0\ps7_cortexa9_0\lib" -c -fmessage-length=0 -I"C:\Users\andrew\workspace\ocm_memtest\standalone_bsp_0\ps7_cortexa9_0\include" -MMD -MP -MF"src/ps7_init.d" -MT"src/ps7_init.d" -o "src/ps7_init.o" "../src/ps7_init.c"
Finished building: ../src/ps7_init.c
 
Building target: zynq_fsbl.elf
Invoking: ARM gcc linker
arm-xilinx-eabi-gcc -L"C:\Users\andrew\workspace\ocm_memtest\zynq_fsbl\src" -L"C:\Users\andrew\workspace\ocm_memtest\standalone_bsp_0\ps7_cortexa9_0\lib" -Wl,-T -Wl,../src/lscript.ld -L../../zynq_fsbl_bsp/ps7_cortexa9_0/lib -o "zynq_fsbl.elf"  ./src/ddr_init.o ./src/ff.o ./src/fsbl_handoff.o ./src/fsbl_hooks.o ./src/main.o ./src/md5.o ./src/mmc.o ./src/nand.o ./src/nor.o ./src/pcap.o ./src/ps7_init.o ./src/qspi.o ./src/rsa.o ./src/test01.o   -lrsa -Wl,--start-group,-lxil,-lgcc,-lc,--end-group
Finished building target: zynq_fsbl.elf
 
Invoking: ARM Print Size
arm-xilinx-eabi-size zynq_fsbl.elf  |tee "zynq_fsbl.elf.size"
   text	   data	    bss	    dec	    hex	filename
 145084	  15928	  70936	 231948	  38a0c	zynq_fsbl.elf
Finished building: zynq_fsbl.elf.size
 
01:18:30 **** Auto Build of configuration Debug for project zynq_fsbl ****
make all 
Building file: ../src/test01.c
Invoking: ARM gcc compiler
arm-xilinx-eabi-gcc -Wall -O0 -g3 -I"C:\Users\andrew\workspace\ocm_memtest\standalone_bsp_0\ps7_cortexa9_0\lib" -c -fmessage-length=0 -I"C:\Users\andrew\workspace\ocm_memtest\standalone_bsp_0\ps7_cortexa9_0\include" -MMD -MP -MF"src/test01.d" -MT"src/test01.d" -o "src/test01.o" "../src/test01.c"
../src/test01.c: In function 'memtest_readonly':
../src/test01.c:1234:15: warning: variable 'data' set but not used [-Wunused-but-set-variable]
  int i, addr, data=0;
               ^
../src/test01.c: In function 'memtest_simple':
../src/test01.c:1285:2: warning: implicit declaration of function 'Xil_DCacheInvalidate' [-Wimplicit-function-declaration]
  Xil_DCacheInvalidate();
  ^
../src/test01.c: In function 'memtest_all':
../src/test01.c:1574:25: warning: initialization makes integer from pointer without a cast [enabled by default]
  REG_WRITE(ERR_INFO+16, &err_buf[0]);   // put ptr to err_buf in err_info+16
                         ^
../src/test01.c:145:13: note: in definition of macro 'REG_WRITE'
   ({int v = val; int a = addr; __asm volatile ("str  %1,[%0]\n" :: "r"(a),"r"(v)); v;})
             ^
../src/test01.c: In function 'measure_read_eye':
../src/test01.c:1769:34: warning: variable 'rc' set but not used [-Wunused-but-set-variable]
  int i, j, k, m, dqs_ratio, sel, rc, cc, ww;   // rd_gate_auto;
                                  ^
Finished building: ../src/test01.c
 
Building target: zynq_fsbl.elf
Invoking: ARM gcc linker
arm-xilinx-eabi-gcc -L"C:\Users\andrew\workspace\ocm_memtest\zynq_fsbl\src" -L"C:\Users\andrew\workspace\ocm_memtest\standalone_bsp_0\ps7_cortexa9_0\lib" -Wl,-T -Wl,../src/lscript.ld -L../../zynq_fsbl_bsp/ps7_cortexa9_0/lib -o "zynq_fsbl.elf"  ./src/ddr_init.o ./src/ff.o ./src/fsbl_handoff.o ./src/fsbl_hooks.o ./src/main.o ./src/md5.o ./src/mmc.o ./src/nand.o ./src/nor.o ./src/pcap.o ./src/ps7_init.o ./src/qspi.o ./src/rsa.o ./src/test01.o   -lrsa -Wl,--start-group,-lxil,-lgcc,-lc,--end-group
Finished building target: zynq_fsbl.elf
 
Invoking: ARM Print Size
arm-xilinx-eabi-size zynq_fsbl.elf  |tee "zynq_fsbl.elf.size"
   text	   data	    bss	    dec	    hex	filename
 145020	  15928	  70936	 231884	  389cc	zynq_fsbl.elf
Finished building: zynq_fsbl.elf.size
 
15:52:00 **** Incremental Build of configuration Debug for project memtester ****
make all 
make: Nothing to be done for `all'.
15:52:02 **** Incremental Build of configuration Debug for project zynq_fsbl ****
make all 
make: Nothing to be done for `all'.
15:52:42 **** Incremental Build of configuration Debug for project memtester ****
make all 
make: Nothing to be done for `all'.
15:52:42 **** Incremental Build of configuration Debug for project zynq_fsbl ****
make all 
make: Nothing to be done for `all'.
15:53:48 **** Incremental Build of configuration Debug for project memtester ****
make all 
make: Nothing to be done for `all'.
15:53:48 **** Incremental Build of configuration Debug for project zynq_fsbl ****
make all 
make: Nothing to be done for `all'.
15:54:45 **** Incremental Build of configuration Debug for project memtester ****
make all 
make: Nothing to be done for `all'.
15:54:46 **** Incremental Build of configuration Debug for project zynq_fsbl ****
make all 
make: Nothing to be done for `all'.
15:54:55 **** Incremental Build of configuration Debug for project memtester ****
make all 
make: Nothing to be done for `all'.
15:54:56 **** Incremental Build of configuration Debug for project zynq_fsbl ****
make all 
make: Nothing to be done for `all'.
15:55:05 **** Incremental Build of configuration Debug for project memtester ****
make all 
make: Nothing to be done for `all'.
15:55:06 **** Incremental Build of configuration Debug for project zynq_fsbl ****
make all 
make: Nothing to be done for `all'.
15:55:19 **** Incremental Build of configuration Debug for project memtester ****
make all 
make: Nothing to be done for `all'.
15:55:19 **** Incremental Build of configuration Debug for project zynq_fsbl ****
make all 
make: Nothing to be done for `all'.
15:55:28 **** Incremental Build of configuration Debug for project memtester ****
make all 
make: Nothing to be done for `all'.
15:55:29 **** Incremental Build of configuration Debug for project zynq_fsbl ****
make all 
make: Nothing to be done for `all'.
15:55:46 **** Incremental Build of configuration Debug for project memtester ****
make all 
make: Nothing to be done for `all'.
15:55:47 **** Incremental Build of configuration Debug for project zynq_fsbl ****
make all 
make: Nothing to be done for `all'.
15:56:04 **** Incremental Build of configuration Debug for project memtester ****
make all 
make: Nothing to be done for `all'.
15:56:05 **** Incremental Build of configuration Debug for project zynq_fsbl ****
make all 
make: Nothing to be done for `all'.
15:57:09 **** Incremental Build of configuration Debug for project memtester ****
make all 
make: Nothing to be done for `all'.
15:57:09 **** Incremental Build of configuration Debug for project zynq_fsbl ****
make all 
make: Nothing to be done for `all'.
15:57:21 **** Incremental Build of configuration Debug for project memtester ****
make all 
make: Nothing to be done for `all'.
15:57:22 **** Incremental Build of configuration Debug for project zynq_fsbl ****
make all 
make: Nothing to be done for `all'.
15:57:58 **** Clean-only build of configuration Debug for project zynq_fsbl ****
make clean 
rm -rf  ./src/ddr_init.o ./src/ff.o ./src/fsbl_handoff.o ./src/fsbl_hooks.o ./src/main.o ./src/md5.o ./src/mmc.o ./src/nand.o ./src/nor.o ./src/pcap.o ./src/ps7_init.o ./src/qspi.o ./src/rsa.o ./src/test01.o  ./src/ddr_init.d ./src/ff.d ./src/fsbl_hooks.d ./src/main.d ./src/md5.d ./src/mmc.d ./src/nand.d ./src/nor.d ./src/pcap.d ./src/ps7_init.d ./src/qspi.d ./src/rsa.d ./src/test01.d  zynq_fsbl.elf.size  ./src/fsbl_handoff.d  zynq_fsbl.elf
 
15:57:58 **** Auto Build of configuration Debug for project zynq_fsbl ****
make all 
Building file: ../src/ddr_init.c
Invoking: ARM gcc compiler
arm-xilinx-eabi-gcc -Wall -O0 -g3 -I"C:\Users\andrew\workspace\ocm_memtest\standalone_bsp_0\ps7_cortexa9_0\lib" -c -fmessage-length=0 -I"C:\Users\andrew\workspace\ocm_memtest\standalone_bsp_0\ps7_cortexa9_0\include" -MMD -MP -MF"src/ddr_init.d" -MT"src/ddr_init.d" -o "src/ddr_init.o" "../src/ddr_init.c"
Finished building: ../src/ddr_init.c
 
Building file: ../src/ff.c
Invoking: ARM gcc compiler
arm-xilinx-eabi-gcc -Wall -O0 -g3 -I"C:\Users\andrew\workspace\ocm_memtest\standalone_bsp_0\ps7_cortexa9_0\lib" -c -fmessage-length=0 -I"C:\Users\andrew\workspace\ocm_memtest\standalone_bsp_0\ps7_cortexa9_0\include" -MMD -MP -MF"src/ff.d" -MT"src/ff.d" -o "src/ff.o" "../src/ff.c"
Finished building: ../src/ff.c
 
Building file: ../src/fsbl_handoff.S
Invoking: ARM gcc compiler
arm-xilinx-eabi-gcc -Wall -O0 -g3 -I"C:\Users\andrew\workspace\ocm_memtest\standalone_bsp_0\ps7_cortexa9_0\lib" -c -fmessage-length=0 -I"C:\Users\andrew\workspace\ocm_memtest\standalone_bsp_0\ps7_cortexa9_0\include" -MMD -MP -MF"src/fsbl_handoff.d" -MT"src/fsbl_handoff.d" -o "src/fsbl_handoff.o" "../src/fsbl_handoff.S"
Finished building: ../src/fsbl_handoff.S
 
Building file: ../src/fsbl_hooks.c
Invoking: ARM gcc compiler
arm-xilinx-eabi-gcc -Wall -O0 -g3 -I"C:\Users\andrew\workspace\ocm_memtest\standalone_bsp_0\ps7_cortexa9_0\lib" -c -fmessage-length=0 -I"C:\Users\andrew\workspace\ocm_memtest\standalone_bsp_0\ps7_cortexa9_0\include" -MMD -MP -MF"src/fsbl_hooks.d" -MT"src/fsbl_hooks.d" -o "src/fsbl_hooks.o" "../src/fsbl_hooks.c"
Finished building: ../src/fsbl_hooks.c
 
Building file: ../src/main.c
Invoking: ARM gcc compiler
arm-xilinx-eabi-gcc -Wall -O0 -g3 -I"C:\Users\andrew\workspace\ocm_memtest\standalone_bsp_0\ps7_cortexa9_0\lib" -c -fmessage-length=0 -I"C:\Users\andrew\workspace\ocm_memtest\standalone_bsp_0\ps7_cortexa9_0\include" -MMD -MP -MF"src/main.d" -MT"src/main.d" -o "src/main.o" "../src/main.c"
../src/main.c: In function 'main':
../src/main.c:240:2: warning: implicit declaration of function 'Xil_DCacheFlush' [-Wimplicit-function-declaration]
  Xil_DCacheFlush();
  ^
../src/main.c:245:2: warning: implicit declaration of function 'Xil_DCacheDisable' [-Wimplicit-function-declaration]
  Xil_DCacheDisable();
  ^
../src/main.c:206:6: warning: unused variable 'HandoffAddress' [-Wunused-variable]
  u32 HandoffAddress = 0;
      ^
../src/main.c:205:6: warning: unused variable 'BootModeRegister' [-Wunused-variable]
  u32 BootModeRegister = 0;
      ^
../src/main.c: At top level:
../src/main.c:142:13: warning: 'Update_MultiBootRegister' declared 'static' but never defined [-Wunused-function]
 static void Update_MultiBootRegister(void);
             ^
../src/main.c:144:13: warning: 'RegisterHandlers' declared 'static' but never defined [-Wunused-function]
 static void RegisterHandlers(void);
             ^
../src/main.c:145:13: warning: 'Undef_Handler' declared 'static' but never defined [-Wunused-function]
 static void Undef_Handler (void);
             ^
../src/main.c:146:13: warning: 'SVC_Handler' declared 'static' but never defined [-Wunused-function]
 static void SVC_Handler (void);
             ^
../src/main.c:147:13: warning: 'PreFetch_Abort_Handler' declared 'static' but never defined [-Wunused-function]
 static void PreFetch_Abort_Handler (void);
             ^
../src/main.c:148:13: warning: 'Data_Abort_Handler' declared 'static' but never defined [-Wunused-function]
 static void Data_Abort_Handler (void);
             ^
../src/main.c:149:13: warning: 'IRQ_Handler' declared 'static' but never defined [-Wunused-function]
 static void IRQ_Handler (void);
             ^
../src/main.c:150:13: warning: 'FIQ_Handler' declared 'static' but never defined [-Wunused-function]
 static void FIQ_Handler (void);
             ^
Finished building: ../src/main.c
 
Building file: ../src/md5.c
Invoking: ARM gcc compiler
arm-xilinx-eabi-gcc -Wall -O0 -g3 -I"C:\Users\andrew\workspace\ocm_memtest\standalone_bsp_0\ps7_cortexa9_0\lib" -c -fmessage-length=0 -I"C:\Users\andrew\workspace\ocm_memtest\standalone_bsp_0\ps7_cortexa9_0\include" -MMD -MP -MF"src/md5.d" -MT"src/md5.d" -o "src/md5.o" "../src/md5.c"
Finished building: ../src/md5.c
 
Building file: ../src/mmc.c
Invoking: ARM gcc compiler
arm-xilinx-eabi-gcc -Wall -O0 -g3 -I"C:\Users\andrew\workspace\ocm_memtest\standalone_bsp_0\ps7_cortexa9_0\lib" -c -fmessage-length=0 -I"C:\Users\andrew\workspace\ocm_memtest\standalone_bsp_0\ps7_cortexa9_0\include" -MMD -MP -MF"src/mmc.d" -MT"src/mmc.d" -o "src/mmc.o" "../src/mmc.c"
Finished building: ../src/mmc.c
 
Building file: ../src/nand.c
Invoking: ARM gcc compiler
arm-xilinx-eabi-gcc -Wall -O0 -g3 -I"C:\Users\andrew\workspace\ocm_memtest\standalone_bsp_0\ps7_cortexa9_0\lib" -c -fmessage-length=0 -I"C:\Users\andrew\workspace\ocm_memtest\standalone_bsp_0\ps7_cortexa9_0\include" -MMD -MP -MF"src/nand.d" -MT"src/nand.d" -o "src/nand.o" "../src/nand.c"
Finished building: ../src/nand.c
 
Building file: ../src/nor.c
Invoking: ARM gcc compiler
arm-xilinx-eabi-gcc -Wall -O0 -g3 -I"C:\Users\andrew\workspace\ocm_memtest\standalone_bsp_0\ps7_cortexa9_0\lib" -c -fmessage-length=0 -I"C:\Users\andrew\workspace\ocm_memtest\standalone_bsp_0\ps7_cortexa9_0\include" -MMD -MP -MF"src/nor.d" -MT"src/nor.d" -o "src/nor.o" "../src/nor.c"
Finished building: ../src/nor.c
 
Building file: ../src/pcap.c
Invoking: ARM gcc compiler
arm-xilinx-eabi-gcc -Wall -O0 -g3 -I"C:\Users\andrew\workspace\ocm_memtest\standalone_bsp_0\ps7_cortexa9_0\lib" -c -fmessage-length=0 -I"C:\Users\andrew\workspace\ocm_memtest\standalone_bsp_0\ps7_cortexa9_0\include" -MMD -MP -MF"src/pcap.d" -MT"src/pcap.d" -o "src/pcap.o" "../src/pcap.c"
Finished building: ../src/pcap.c
 
Building file: ../src/ps7_init.c
Invoking: ARM gcc compiler
arm-xilinx-eabi-gcc -Wall -O0 -g3 -I"C:\Users\andrew\workspace\ocm_memtest\standalone_bsp_0\ps7_cortexa9_0\lib" -c -fmessage-length=0 -I"C:\Users\andrew\workspace\ocm_memtest\standalone_bsp_0\ps7_cortexa9_0\include" -MMD -MP -MF"src/ps7_init.d" -MT"src/ps7_init.d" -o "src/ps7_init.o" "../src/ps7_init.c"
Finished building: ../src/ps7_init.c
 
Building file: ../src/qspi.c
Invoking: ARM gcc compiler
arm-xilinx-eabi-gcc -Wall -O0 -g3 -I"C:\Users\andrew\workspace\ocm_memtest\standalone_bsp_0\ps7_cortexa9_0\lib" -c -fmessage-length=0 -I"C:\Users\andrew\workspace\ocm_memtest\standalone_bsp_0\ps7_cortexa9_0\include" -MMD -MP -MF"src/qspi.d" -MT"src/qspi.d" -o "src/qspi.o" "../src/qspi.c"
Finished building: ../src/qspi.c
 
Building file: ../src/rsa.c
Invoking: ARM gcc compiler
arm-xilinx-eabi-gcc -Wall -O0 -g3 -I"C:\Users\andrew\workspace\ocm_memtest\standalone_bsp_0\ps7_cortexa9_0\lib" -c -fmessage-length=0 -I"C:\Users\andrew\workspace\ocm_memtest\standalone_bsp_0\ps7_cortexa9_0\include" -MMD -MP -MF"src/rsa.d" -MT"src/rsa.d" -o "src/rsa.o" "../src/rsa.c"
Finished building: ../src/rsa.c
 
Building file: ../src/test01.c
Invoking: ARM gcc compiler
arm-xilinx-eabi-gcc -Wall -O0 -g3 -I"C:\Users\andrew\workspace\ocm_memtest\standalone_bsp_0\ps7_cortexa9_0\lib" -c -fmessage-length=0 -I"C:\Users\andrew\workspace\ocm_memtest\standalone_bsp_0\ps7_cortexa9_0\include" -MMD -MP -MF"src/test01.d" -MT"src/test01.d" -o "src/test01.o" "../src/test01.c"
../src/test01.c: In function 'memtest_readonly':
../src/test01.c:1234:15: warning: variable 'data' set but not used [-Wunused-but-set-variable]
  int i, addr, data=0;
               ^
../src/test01.c: In function 'memtest_simple':
../src/test01.c:1285:2: warning: implicit declaration of function 'Xil_DCacheInvalidate' [-Wimplicit-function-declaration]
  Xil_DCacheInvalidate();
  ^
../src/test01.c: In function 'memtest_all':
../src/test01.c:1574:25: warning: initialization makes integer from pointer without a cast [enabled by default]
  REG_WRITE(ERR_INFO+16, &err_buf[0]);   // put ptr to err_buf in err_info+16
                         ^
../src/test01.c:145:13: note: in definition of macro 'REG_WRITE'
   ({int v = val; int a = addr; __asm volatile ("str  %1,[%0]\n" :: "r"(a),"r"(v)); v;})
             ^
../src/test01.c: In function 'measure_read_eye':
../src/test01.c:1769:34: warning: variable 'rc' set but not used [-Wunused-but-set-variable]
  int i, j, k, m, dqs_ratio, sel, rc, cc, ww;   // rd_gate_auto;
                                  ^
Finished building: ../src/test01.c
 
Building target: zynq_fsbl.elf
Invoking: ARM gcc linker
arm-xilinx-eabi-gcc -L"C:\Users\andrew\workspace\ocm_memtest\zynq_fsbl\src" -L"C:\Users\andrew\workspace\ocm_memtest\standalone_bsp_0\ps7_cortexa9_0\lib" -Wl,-T -Wl,../src/lscript.ld -L../../zynq_fsbl_bsp/ps7_cortexa9_0/lib -o "zynq_fsbl.elf"  ./src/ddr_init.o ./src/ff.o ./src/fsbl_handoff.o ./src/fsbl_hooks.o ./src/main.o ./src/md5.o ./src/mmc.o ./src/nand.o ./src/nor.o ./src/pcap.o ./src/ps7_init.o ./src/qspi.o ./src/rsa.o ./src/test01.o   -lrsa -Wl,--start-group,-lxil,-lgcc,-lc,--end-group
Finished building target: zynq_fsbl.elf
 
Invoking: ARM Print Size
arm-xilinx-eabi-size zynq_fsbl.elf  |tee "zynq_fsbl.elf.size"
   text	   data	    bss	    dec	    hex	filename
 145020	  15928	  70936	 231884	  389cc	zynq_fsbl.elf
Finished building: zynq_fsbl.elf.size
 
15:58:07 **** Incremental Build of configuration Debug for project memtester ****
make all 
make: Nothing to be done for `all'.
15:58:08 **** Incremental Build of configuration Debug for project zynq_fsbl ****
make all 
make: Nothing to be done for `all'.
15:58:33 **** Incremental Build of configuration Debug for project memtester ****
make all 
make: Nothing to be done for `all'.
15:58:33 **** Incremental Build of configuration Debug for project zynq_fsbl ****
make all 
make: Nothing to be done for `all'.
15:58:52 **** Incremental Build of configuration Debug for project memtester ****
make all 
make: Nothing to be done for `all'.
15:58:53 **** Incremental Build of configuration Debug for project zynq_fsbl ****
make all 
make: Nothing to be done for `all'.
16:01:43 **** Incremental Build of configuration Debug for project memtester ****
make all 
make: Nothing to be done for `all'.
16:01:43 **** Incremental Build of configuration Debug for project zynq_fsbl ****
make all 
make: Nothing to be done for `all'.
16:03:00 **** Incremental Build of configuration Debug for project memtester ****
make all 
make: Nothing to be done for `all'.
16:03:00 **** Incremental Build of configuration Debug for project zynq_fsbl ****
make all 
make: Nothing to be done for `all'.
16:03:09 **** Incremental Build of configuration Debug for project memtester ****
make all 
make: Nothing to be done for `all'.
16:03:09 **** Incremental Build of configuration Debug for project zynq_fsbl ****
make all 
make: Nothing to be done for `all'.
16:06:00 **** Incremental Build of configuration Debug for project memtester ****
make all 
make: Nothing to be done for `all'.
16:06:01 **** Incremental Build of configuration Debug for project zynq_fsbl ****
make all 
make: Nothing to be done for `all'.
16:37:31 **** Incremental Build of configuration Debug for project memtester ****
make all 
make: Nothing to be done for `all'.
16:37:31 **** Incremental Build of configuration Debug for project zynq_fsbl ****
make all 
make: Nothing to be done for `all'.
16:37:47 **** Incremental Build of configuration Debug for project memtester ****
make all 
make: Nothing to be done for `all'.
16:37:48 **** Incremental Build of configuration Debug for project zynq_fsbl ****
make all 
make: Nothing to be done for `all'.
16:38:23 **** Incremental Build of configuration Debug for project memtester ****
make all 
make: Nothing to be done for `all'.
16:38:23 **** Incremental Build of configuration Debug for project zynq_fsbl ****
make all 
make: Nothing to be done for `all'.
16:38:37 **** Incremental Build of configuration Debug for project memtester ****
make all 
make: Nothing to be done for `all'.
16:38:37 **** Incremental Build of configuration Debug for project zynq_fsbl ****
make all 
make: Nothing to be done for `all'.
