16:20:38 **** Auto Build of configuration Debug for project memtester_fsbl ****
make all 
Building file: ../src/fsbl_hooks.c
Invoking: ARM gcc compiler
arm-xilinx-eabi-gcc -Wall -O0 -g3 -I"C:\Users\andrew\workspace\ocm_memtest\hw_platform_0" -c -fmessage-length=0 -I../../memtester_fsbl_bsp/ps7_cortexa9_0/include -MMD -MP -MF"src/fsbl_hooks.d" -MT"src/fsbl_hooks.d" -o "src/fsbl_hooks.o" "../src/fsbl_hooks.c"
Finished building: ../src/fsbl_hooks.c
 
Building target: memtester_fsbl.elf
Invoking: ARM gcc linker
arm-xilinx-eabi-gcc -L"C:\Users\andrew\workspace\ocm_memtest\memtester_fsbl\src" -Wl,-T -Wl,../src/lscript.ld -L../../memtester_fsbl_bsp/ps7_cortexa9_0/lib -o "memtester_fsbl.elf"  ./src/ddr_init.o ./src/fsbl_handoff.o ./src/fsbl_hooks.o ./src/image_mover.o ./src/main.o ./src/md5.o ./src/nand.o ./src/nor.o ./src/pcap.o ./src/ps7_init.o ./src/qspi.o ./src/rsa.o ./src/sd.o ./src/test01.o ./src/translation_table.o   -lrsa -Wl,--start-group,-lxil,-lgcc,-lc,--end-group -Wl,--start-group,-lxilffs,-lxil,-lgcc,-lc,--end-group -Wl,--start-group,-lrsa,-lxil,-lgcc,-lc,--end-group
Finished building target: memtester_fsbl.elf
 
Invoking: ARM Print Size
arm-xilinx-eabi-size memtester_fsbl.elf  |tee "memtester_fsbl.elf.size"
   text	   data	    bss	    dec	    hex	filename
 143972	  15936	  77340	 237248	  39ec0	memtester_fsbl.elf
Finished building: memtester_fsbl.elf.size
 

16:20:39 Build Finished (took 474ms)

